2026-08-06 09:48:29.970 | INFO     | app.core.database:session:97 - Database Connection established!
2026-08-06 09:48:30.283 | INFO     | app.core.database:session:104 - Database Connections closed
2026-08-06 09:48:30.285 | INFO     | app.core.database:session:97 - Database Connection established!
2026-08-06 09:48:30.288 | INFO     | app.core.database:session:104 - Database Connections closed
2026-08-06 09:48:36.901 | INFO     | app.core.database:session:97 - Database Connection established!
2026-08-06 09:48:37.801 | INFO     | app.core.database:session:104 - Database Connections closed
2026-08-06 09:48:48.200 | INFO     | app.core.database:session:97 - Database Connection established!
2026-08-06 09:48:48.308 | INFO     | app.core.database:session:104 - Database Connections closed
2026-08-06 09:53:31.355 | INFO     | app.core.database:close:70 - Database Connections closed
2026-08-06 09:53:50.401 | INFO     | app.core.database:close:70 - Database Connections closed
2026-08-06 09:54:01.119 | INFO     | app.core.database:close:70 - Database Connections closed
2026-08-06 09:55:24.600 | INFO     | app.core.database:close:70 - Database Connections closed
2026-08-06 09:55:30.531 | INFO     | app.core.database:session:97 - Database Connection established!
2026-08-06 09:55:30.533 | INFO     | app.core.database:session:104 - Database Connections closed
2026-08-06 09:55:30.567 | INFO     | app.core.database:session:97 - Database Connection established!
2026-08-06 09:55:30.624 | INFO     | sqlalchemy.log:info:159 - select pg_catalog.version()
2026-08-06 09:55:30.624 | INFO     | sqlalchemy.log:info:159 - [raw sql] ()
2026-08-06 09:55:30.626 | INFO     | sqlalchemy.log:info:159 - select current_schema()
2026-08-06 09:55:30.626 | INFO     | sqlalchemy.log:info:159 - [raw sql] ()
2026-08-06 09:55:30.627 | INFO     | sqlalchemy.log:info:159 - show standard_conforming_strings
2026-08-06 09:55:30.628 | INFO     | sqlalchemy.log:info:159 - [raw sql] ()
2026-08-06 09:55:30.629 | INFO     | sqlalchemy.log:info:159 - BEGIN (implicit)
2026-08-06 09:55:30.686 | INFO     | sqlalchemy.log:info:159 - SELECT sso_configurations.id, sso_configurations.organization_id, sso_configurations.provider, sso_configurations.client_id, sso_configurations.config, sso_configurations.is_active, sso_configurations.created_at 
FROM sso_configurations 
WHERE sso_configurations.organization_id = $1::INTEGER AND sso_configurations.provider = $2 AND sso_configurations.is_active = true
2026-08-06 09:55:30.686 | INFO     | sqlalchemy.log:info:159 - [generated in 0.00030s] (1, 'Microsoft')
2026-08-06 09:55:30.977 | INFO     | sqlalchemy.log:info:159 - ROLLBACK
2026-08-06 09:55:30.978 | INFO     | app.core.database:session:104 - Database Connections closed
2026-08-06 09:55:54.082 | INFO     | app.core.database:session:97 - Database Connection established!
2026-08-06 09:55:54.082 | INFO     | app.core.database:session:104 - Database Connections closed
2026-08-06 09:55:54.091 | INFO     | app.core.database:session:97 - Database Connection established!
2026-08-06 09:55:54.091 | INFO     | app.core.database:session:104 - Database Connections closed
2026-08-06 09:57:18.213 | INFO     | app.core.database:close:70 - Database Connections closed
2026-08-06 09:57:26.781 | INFO     | app.core.database:close:70 - Database Connections closed
2026-08-06 09:57:51.461 | INFO     | app.core.database:session:97 - Database Connection established!
2026-08-06 09:57:51.462 | INFO     | app.core.database:session:104 - Database Connections closed
2026-08-06 09:57:51.475 | INFO     | app.core.database:session:97 - Database Connection established!
2026-08-06 09:57:51.513 | INFO     | sqlalchemy.log:info:159 - select pg_catalog.version()
2026-08-06 09:57:51.514 | INFO     | sqlalchemy.log:info:159 - [raw sql] ()
2026-08-06 09:57:51.515 | INFO     | sqlalchemy.log:info:159 - select current_schema()
2026-08-06 09:57:51.515 | INFO     | sqlalchemy.log:info:159 - [raw sql] ()
2026-08-06 09:57:51.516 | INFO     | sqlalchemy.log:info:159 - show standard_conforming_strings
2026-08-06 09:57:51.516 | INFO     | sqlalchemy.log:info:159 - [raw sql] ()
2026-08-06 09:57:51.517 | INFO     | sqlalchemy.log:info:159 - BEGIN (implicit)
2026-08-06 09:57:51.585 | INFO     | sqlalchemy.log:info:159 - SELECT sso_configurations.id, sso_configurations.organization_id, sso_configurations.provider, sso_configurations.client_id, sso_configurations.config, sso_configurations.is_active, sso_configurations.created_at 
FROM sso_configurations 
WHERE sso_configurations.organization_id = $1::INTEGER AND sso_configurations.provider = $2 AND sso_configurations.is_active = true
2026-08-06 09:57:51.586 | INFO     | sqlalchemy.log:info:159 - [generated in 0.00082s] (1, 'Microsoft')
2026-08-06 09:57:51.591 | INFO     | sqlalchemy.log:info:159 - ROLLBACK
2026-08-06 09:57:51.592 | INFO     | app.core.database:session:104 - Database Connections closed
2026-08-06 09:58:07.334 | INFO     | app.core.database:close:70 - Database Connections closed
2026-08-06 09:59:14.030 | INFO     | app.core.database:session:97 - Database Connection established!
2026-08-06 09:59:14.096 | INFO     | sqlalchemy.log:info:159 - select pg_catalog.version()
2026-08-06 09:59:14.096 | INFO     | sqlalchemy.log:info:159 - [raw sql] ()
2026-08-06 09:59:14.098 | INFO     | sqlalchemy.log:info:159 - select current_schema()
2026-08-06 09:59:14.098 | INFO     | sqlalchemy.log:info:159 - [raw sql] ()
2026-08-06 09:59:14.099 | INFO     | sqlalchemy.log:info:159 - show standard_conforming_strings
2026-08-06 09:59:14.099 | INFO     | sqlalchemy.log:info:159 - [raw sql] ()
2026-08-06 09:59:14.100 | INFO     | sqlalchemy.log:info:159 - BEGIN (implicit)
2026-08-06 09:59:14.193 | INFO     | sqlalchemy.log:info:159 - SELECT sso_configurations.id, sso_configurations.organization_id, sso_configurations.provider, sso_configurations.client_id, sso_configurations.config, sso_configurations.is_active, sso_configurations.created_at 
FROM sso_configurations 
WHERE sso_configurations.organization_id = $1::INTEGER AND sso_configurations.provider = $2 AND sso_configurations.is_active IS true
2026-08-06 09:59:14.194 | INFO     | sqlalchemy.log:info:159 - [generated in 0.00033s] (1, 'Microsoft')
2026-08-06 09:59:14.197 | INFO     | sqlalchemy.log:info:159 - ROLLBACK
2026-08-06 09:59:14.197 | INFO     | app.core.database:session:104 - Database Connections closed
2026-08-06 09:59:18.691 | INFO     | app.core.database:session:97 - Database Connection established!
2026-08-06 09:59:18.692 | INFO     | sqlalchemy.log:info:159 - BEGIN (implicit)
2026-08-06 09:59:18.694 | INFO     | sqlalchemy.log:info:159 - SELECT sso_configurations.id, sso_configurations.organization_id, sso_configurations.provider, sso_configurations.client_id, sso_configurations.config, sso_configurations.is_active, sso_configurations.created_at 
FROM sso_configurations 
WHERE sso_configurations.organization_id = $1::INTEGER AND sso_configurations.provider = $2
2026-08-06 09:59:18.694 | INFO     | sqlalchemy.log:info:159 - [generated in 0.00053s] (1, 'Microsoft')
2026-08-06 09:59:19.389 | INFO     | httpx._client:_send_single_request:1740 - HTTP Request: POST https://login.microsoftonline.com/5ba973d9-551d-4115-81c1-9ec32911a776/oauth2/v2.0/token "HTTP/1.1 200 OK"
2026-08-06 09:59:19.623 | INFO     | httpx._client:_send_single_request:1740 - HTTP Request: GET https://login.microsoftonline.com/5ba973d9-551d-4115-81c1-9ec32911a776/discovery/v2.0/keys "HTTP/1.1 200 OK"
2026-08-06 09:59:19.727 | INFO     | sqlalchemy.log:info:159 - SELECT users.id, users.organization_id, users.department_id, users.email, users.first_name, users.last_name, users.hashed_password, users.status, users.mfa_enabled, users.mfa_method, users.sso_provider, users.external_subject_id, users.last_login_at, users.user_metadata, users.created_at, users.deleted_at 
FROM users 
WHERE users.email = $1::VARCHAR
2026-08-06 09:59:19.728 | INFO     | sqlalchemy.log:info:159 - [generated in 0.00090s] ('philip@appxcess.com',)
2026-08-06 09:59:19.944 | INFO     | sqlalchemy.log:info:159 - SELECT users_1.id AS users_1_id, roles.id AS roles_id, roles.organization_id AS roles_organization_id, roles.name AS roles_name, roles.display_name AS roles_display_name, roles.is_system AS roles_is_system, roles.created_at AS roles_created_at 
FROM users AS users_1 JOIN user_roles AS user_roles_1 ON users_1.id = user_roles_1.user_id JOIN roles ON roles.id = user_roles_1.role_id 
WHERE users_1.id IN ($1::INTEGER)
2026-08-06 09:59:19.945 | INFO     | sqlalchemy.log:info:159 - [generated in 0.00105s] (42,)
2026-08-06 09:59:20.041 | INFO     | sqlalchemy.log:info:159 - SELECT refresh_tokens.id, refresh_tokens.user_id, refresh_tokens.organization_id, refresh_tokens.token_hash, refresh_tokens.expires_at, refresh_tokens.revoked_at, refresh_tokens.created_at 
FROM refresh_tokens 
WHERE refresh_tokens.user_id = $1::INTEGER AND refresh_tokens.revoked_at IS NULL AND refresh_tokens.expires_at > $2::TIMESTAMP WITH TIME ZONE ORDER BY refresh_tokens.created_at DESC
2026-08-06 09:59:20.042 | INFO     | sqlalchemy.log:info:159 - [generated in 0.00120s] (42, datetime.datetime(2026, 8, 6, 4, 29, 20, 34404, tzinfo=datetime.timezone.utc))
2026-08-06 09:59:20.143 | INFO     | sqlalchemy.log:info:159 - INSERT INTO refresh_tokens (user_id, organization_id, token_hash, expires_at, revoked_at) VALUES ($1::INTEGER, $2::INTEGER, $3::VARCHAR, $4::TIMESTAMP WITH TIME ZONE, $5::TIMESTAMP WITH TIME ZONE) RETURNING refresh_tokens.id, refresh_tokens.created_at
2026-08-06 09:59:20.143 | INFO     | sqlalchemy.log:info:159 - [generated in 0.00090s] (42, 3, '6495cce21ff4c960fceeb3eaddb7575298a51c2e07edf163260c026a26b367c1', datetime.datetime(2026, 8, 13, 4, 29, 20, 32545, tzinfo=datetime.timezone.utc), None)
2026-08-06 09:59:20.315 | INFO     | sqlalchemy.log:info:159 - UPDATE users SET sso_provider=$1, external_subject_id=$2::VARCHAR, last_login_at=$3::TIMESTAMP WITH TIME ZONE WHERE users.id = $4::INTEGER
2026-08-06 09:59:20.316 | INFO     | sqlalchemy.log:info:159 - [generated in 0.00155s] ('Microsoft', '201ef290-3d97-414c-825e-0e8ffb6ec05c', datetime.datetime(2026, 8, 6, 4, 29, 20, 31064, tzinfo=datetime.timezone.utc), 42)
2026-08-06 09:59:20.323 | INFO     | sqlalchemy.log:info:159 - COMMIT
2026-08-06 09:59:20.380 | INFO     | app.core.database:session:104 - Database Connections closed
2026-08-06 09:59:22.727 | INFO     | app.core.database:session:97 - Database Connection established!
2026-08-06 09:59:22.728 | INFO     | sqlalchemy.log:info:159 - BEGIN (implicit)
2026-08-06 09:59:22.729 | INFO     | sqlalchemy.log:info:159 - SELECT users.id, users.organization_id, users.department_id, users.email, users.first_name, users.last_name, users.hashed_password, users.status, users.mfa_enabled, users.mfa_method, users.sso_provider, users.external_subject_id, users.last_login_at, users.user_metadata, users.created_at, users.deleted_at 
FROM users 
WHERE users.email = $1::VARCHAR
2026-08-06 09:59:22.729 | INFO     | sqlalchemy.log:info:159 - [generated in 0.00042s] ('philip@appxcess.com',)
2026-08-06 09:59:22.733 | INFO     | sqlalchemy.log:info:159 - SELECT users.id, users.organization_id, users.department_id, users.email, users.first_name, users.last_name, users.hashed_password, users.status, users.mfa_enabled, users.mfa_method, users.sso_provider, users.external_subject_id, users.last_login_at, users.user_metadata, users.created_at, users.deleted_at 
FROM users 
WHERE users.id = $1::INTEGER
2026-08-06 09:59:22.734 | INFO     | sqlalchemy.log:info:159 - [generated in 0.00088s] (42,)
2026-08-06 09:59:22.739 | INFO     | sqlalchemy.log:info:159 - SELECT users_1.id AS users_1_id, roles.id AS roles_id, roles.organization_id AS roles_organization_id, roles.name AS roles_name, roles.display_name AS roles_display_name, roles.is_system AS roles_is_system, roles.created_at AS roles_created_at 
FROM users AS users_1 JOIN user_roles AS user_roles_1 ON users_1.id = user_roles_1.user_id JOIN roles ON roles.id = user_roles_1.role_id 
WHERE users_1.id IN ($1::INTEGER)
2026-08-06 09:59:22.739 | INFO     | sqlalchemy.log:info:159 - [cached since 2.796s ago] (42,)
2026-08-06 09:59:22.743 | INFO     | sqlalchemy.log:info:159 - SELECT DISTINCT permissions.resource, permissions.action 
FROM permissions JOIN role_permissions ON role_permissions.permission_id = permissions.id 
WHERE role_permissions.role_id IN ($1::INTEGER)
2026-08-06 09:59:22.743 | INFO     | sqlalchemy.log:info:159 - [generated in 0.00039s] (1,)
2026-08-06 09:59:22.849 | INFO     | sqlalchemy.log:info:159 - ROLLBACK
2026-08-06 09:59:22.849 | INFO     | app.core.database:session:104 - Database Connections closed
2026-08-06 09:59:23.319 | INFO     | app.core.database:session:97 - Database Connection established!
2026-08-06 09:59:23.320 | INFO     | sqlalchemy.log:info:159 - BEGIN (implicit)
2026-08-06 09:59:23.320 | INFO     | sqlalchemy.log:info:159 - SELECT users.id, users.organization_id, users.department_id, users.email, users.first_name, users.last_name, users.hashed_password, users.status, users.mfa_enabled, users.mfa_method, users.sso_provider, users.external_subject_id, users.last_login_at, users.user_metadata, users.created_at, users.deleted_at 
FROM users 
WHERE users.email = $1::VARCHAR
2026-08-06 09:59:23.320 | INFO     | sqlalchemy.log:info:159 - [cached since 0.5914s ago] ('philip@appxcess.com',)
2026-08-06 09:59:23.321 | INFO     | app.core.database:session:97 - Database Connection established!
2026-08-06 09:59:23.327 | INFO     | sqlalchemy.log:info:159 - SELECT in_app_notifications.id, in_app_notifications.organization_id, in_app_notifications.user_id, in_app_notifications.title, in_app_notifications.message, in_app_notifications.notification_type, in_app_notifications.reference_type, in_app_notifications.reference_id, in_app_notifications.is_read, in_app_notifications.created_at 
FROM in_app_notifications 
WHERE in_app_notifications.user_id = $1::INTEGER AND in_app_notifications.organization_id = $2::INTEGER AND in_app_notifications.is_read = false
2026-08-06 09:59:23.327 | INFO     | sqlalchemy.log:info:159 - [generated in 0.00026s] (42, 3)
2026-08-06 09:59:23.359 | INFO     | sqlalchemy.log:info:159 - BEGIN (implicit)
2026-08-06 09:59:23.360 | INFO     | sqlalchemy.log:info:159 - SELECT users.id, users.organization_id, users.department_id, users.email, users.first_name, users.last_name, users.hashed_password, users.status, users.mfa_enabled, users.mfa_method, users.sso_provider, users.external_subject_id, users.last_login_at, users.user_metadata, users.created_at, users.deleted_at 
FROM users 
WHERE users.email = $1::VARCHAR
2026-08-06 09:59:23.360 | INFO     | sqlalchemy.log:info:159 - [cached since 0.6315s ago] ('philip@appxcess.com',)
2026-08-06 09:59:23.364 | INFO     | sqlalchemy.log:info:159 - SELECT in_app_notifications.id, in_app_notifications.organization_id, in_app_notifications.user_id, in_app_notifications.title, in_app_notifications.message, in_app_notifications.notification_type, in_app_notifications.reference_type, in_app_notifications.reference_id, in_app_notifications.is_read, in_app_notifications.created_at 
FROM in_app_notifications 
WHERE in_app_notifications.user_id = $1::INTEGER AND in_app_notifications.organization_id = $2::INTEGER AND in_app_notifications.is_read = false
2026-08-06 09:59:23.364 | INFO     | sqlalchemy.log:info:159 - [cached since 0.0379s ago] (42, 3)
2026-08-06 09:59:23.463 | INFO     | sqlalchemy.log:info:159 - ROLLBACK
2026-08-06 09:59:23.463 | INFO     | sqlalchemy.log:info:159 - ROLLBACK
2026-08-06 09:59:23.464 | INFO     | app.core.database:session:104 - Database Connections closed
2026-08-06 09:59:23.464 | INFO     | app.core.database:session:104 - Database Connections closed
2026-08-06 09:59:28.158 | INFO     | app.core.database:session:97 - Database Connection established!
2026-08-06 09:59:28.160 | INFO     | sqlalchemy.log:info:159 - BEGIN (implicit)
2026-08-06 09:59:28.160 | INFO     | sqlalchemy.log:info:159 - SELECT users.id, users.organization_id, users.department_id, users.email, users.first_name, users.last_name, users.hashed_password, users.status, users.mfa_enabled, users.mfa_method, users.sso_provider, users.external_subject_id, users.last_login_at, users.user_metadata, users.created_at, users.deleted_at 
FROM users 
WHERE users.email = $1::VARCHAR
2026-08-06 09:59:28.160 | INFO     | sqlalchemy.log:info:159 - [cached since 5.432s ago] ('philip@appxcess.com',)
2026-08-06 09:59:28.164 | INFO     | sqlalchemy.log:info:159 - ROLLBACK
2026-08-06 09:59:28.165 | INFO     | app.core.database:session:97 - Database Connection established!
2026-08-06 09:59:28.166 | INFO     | sqlalchemy.log:info:159 - BEGIN (implicit)
2026-08-06 09:59:28.166 | INFO     | sqlalchemy.log:info:159 - SELECT users.id, users.organization_id, users.department_id, users.email, users.first_name, users.last_name, users.hashed_password, users.status, users.mfa_enabled, users.mfa_method, users.sso_provider, users.external_subject_id, users.last_login_at, users.user_metadata, users.created_at, users.deleted_at 
FROM users 
WHERE users.email = $1::VARCHAR
2026-08-06 09:59:28.167 | INFO     | sqlalchemy.log:info:159 - [cached since 5.438s ago] ('philip@appxcess.com',)
2026-08-06 09:59:28.167 | INFO     | app.core.database:session:104 - Database Connections closed
2026-08-06 09:59:28.169 | INFO     | sqlalchemy.log:info:159 - ROLLBACK
2026-08-06 09:59:28.170 | INFO     | app.core.database:session:104 - Database Connections closed
2026-08-06 09:59:37.198 | INFO     | app.core.database:session:97 - Database Connection established!
2026-08-06 09:59:37.201 | INFO     | sqlalchemy.log:info:159 - BEGIN (implicit)
2026-08-06 09:59:37.202 | INFO     | sqlalchemy.log:info:159 - SELECT users.id, users.organization_id, users.department_id, users.email, users.first_name, users.last_name, users.hashed_password, users.status, users.mfa_enabled, users.mfa_method, users.sso_provider, users.external_subject_id, users.last_login_at, users.user_metadata, users.created_at, users.deleted_at 
FROM users 
WHERE users.email = $1::VARCHAR
2026-08-06 09:59:37.203 | INFO     | sqlalchemy.log:info:159 - [cached since 14.47s ago] ('philip@appxcess.com',)
2026-08-06 09:59:37.209 | INFO     | sqlalchemy.log:info:159 - SELECT in_app_notifications.id, in_app_notifications.organization_id, in_app_notifications.user_id, in_app_notifications.title, in_app_notifications.message, in_app_notifications.notification_type, in_app_notifications.reference_type, in_app_notifications.reference_id, in_app_notifications.is_read, in_app_notifications.created_at 
FROM in_app_notifications 
WHERE in_app_notifications.user_id = $1::INTEGER AND in_app_notifications.organization_id = $2::INTEGER AND in_app_notifications.is_read = false
2026-08-06 09:59:37.210 | INFO     | sqlalchemy.log:info:159 - [cached since 13.88s ago] (42, 3)
2026-08-06 09:59:37.213 | INFO     | sqlalchemy.log:info:159 - ROLLBACK
2026-08-06 09:59:37.214 | INFO     | app.core.database:session:104 - Database Connections closed
2026-08-06 09:59:37.615 | INFO     | app.core.database:session:97 - Database Connection established!
2026-08-06 09:59:37.616 | INFO     | sqlalchemy.log:info:159 - BEGIN (implicit)
2026-08-06 09:59:37.617 | INFO     | sqlalchemy.log:info:159 - SELECT users.id, users.organization_id, users.department_id, users.email, users.first_name, users.last_name, users.hashed_password, users.status, users.mfa_enabled, users.mfa_method, users.sso_provider, users.external_subject_id, users.last_login_at, users.user_metadata, users.created_at, users.deleted_at 
FROM users 
WHERE users.email = $1::VARCHAR
2026-08-06 09:59:37.617 | INFO     | sqlalchemy.log:info:159 - [cached since 14.89s ago] ('philip@appxcess.com',)
2026-08-06 09:59:37.620 | INFO     | sqlalchemy.log:info:159 - ROLLBACK
2026-08-06 09:59:37.620 | INFO     | app.core.database:session:104 - Database Connections closed
2026-08-06 09:59:38.027 | INFO     | app.services.steampipe_gitlab:import_gitlab_resources_via_steampipe:864 - Phase 1: Gathering context...
2026-08-06 09:59:43.932 | WARNING  | app.services.steampipe_gitlab:run_query:337 - Steampipe query returned 41: Error: unable to obtain projects for current user
GET https://gitlab.com/api/v4/projects: 403 {error: insufficient_granular_scope}, {error_description: Access denied: This operation requires a fine-grained personal access token with the following user permissions: [Project: Read].} (SQLSTATE HV000)

2026-08-06 09:59:43.932 | WARNING  | app.services.steampipe_gitlab:_gather_context:460 - Context: gitlab_my_project returned 0 projects
2026-08-06 09:59:49.758 | INFO     | app.services.steampipe_gitlab:_gather_context:479 - Context: gitlab_group returned 1 groups
2026-08-06 09:59:49.758 | INFO     | app.services.steampipe_gitlab:_gather_context:488 - Context gathered: 0 projects, 1 groups
2026-08-06 09:59:49.759 | INFO     | app.services.steampipe_gitlab:import_gitlab_resources_via_steampipe:903 - Phase 2: Querying 19 tables (max 5 concurrent)
2026-08-06 09:59:50.909 | INFO     | httpx._client:_send_single_request:1025 - HTTP Request: GET https://gitlab.com/api/v4 "HTTP/1.1 404 Not Found"
2026-08-06 09:59:50.910 | WARNING  | app.services.steampipe_gitlab:run_query:337 - Steampipe query returned 250: Error: failed to connect to `user=steampipe database=postgres`: 127.0.0.1:9193 (127.0.0.1): dial error: dial tcp 127.0.0.1:9193: connect: connection refused

2026-08-06 09:59:50.915 | INFO     | httpx._client:_send_single_request:1025 - HTTP Request: GET https://gitlab.com/api/v4 "HTTP/1.1 404 Not Found"
2026-08-06 09:59:50.917 | INFO     | httpx._client:_send_single_request:1025 - HTTP Request: GET https://gitlab.com/api/v4 "HTTP/1.1 404 Not Found"
2026-08-06 09:59:50.919 | INFO     | httpx._client:_send_single_request:1025 - HTTP Request: GET https://gitlab.com/api/v4 "HTTP/1.1 404 Not Found"
2026-08-06 09:59:50.922 | WARNING  | app.services.steampipe_gitlab:run_query:337 - Steampipe query returned 250: Error: failed to connect to `user=steampipe database=postgres`: 127.0.0.1:9193 (127.0.0.1): dial error: dial tcp 127.0.0.1:9193: connect: connection refused

2026-08-06 09:59:50.923 | WARNING  | app.services.steampipe_gitlab:run_query:337 - Steampipe query returned 250: Error: failed to connect to `user=steampipe database=postgres`: 127.0.0.1:9193 (127.0.0.1): dial error: dial tcp 127.0.0.1:9193: connect: connection refused

2026-08-06 09:59:50.924 | WARNING  | app.services.steampipe_gitlab:run_query:337 - Steampipe query returned 250: Error: failed to connect to `user=steampipe database=postgres`: 127.0.0.1:9193 (127.0.0.1): dial error: dial tcp 127.0.0.1:9193: connect: connection refused

2026-08-06 09:59:51.879 | INFO     | httpx._client:_send_single_request:1025 - HTTP Request: GET https://gitlab.com/api/v4 "HTTP/1.1 404 Not Found"
2026-08-06 09:59:51.880 | WARNING  | app.services.steampipe_gitlab:run_query:337 - Steampipe query returned 250: Error: failed to connect to `user=steampipe database=postgres`: 127.0.0.1:9193 (127.0.0.1): dial error: dial tcp 127.0.0.1:9193: connect: connection refused

2026-08-06 09:59:51.891 | INFO     | httpx._client:_send_single_request:1025 - HTTP Request: GET https://gitlab.com/api/v4 "HTTP/1.1 404 Not Found"
2026-08-06 09:59:51.892 | WARNING  | app.services.steampipe_gitlab:run_query:337 - Steampipe query returned 250: Error: failed to connect to `user=steampipe database=postgres`: 127.0.0.1:9193 (127.0.0.1): dial error: dial tcp 127.0.0.1:9193: connect: connection refused

2026-08-06 09:59:51.912 | INFO     | httpx._client:_send_single_request:1025 - HTTP Request: GET https://gitlab.com/api/v4 "HTTP/1.1 404 Not Found"
2026-08-06 09:59:51.913 | WARNING  | app.services.steampipe_gitlab:run_query:337 - Steampipe query returned 250: Error: failed to connect to `user=steampipe database=postgres`: 127.0.0.1:9193 (127.0.0.1): dial error: dial tcp 127.0.0.1:9193: connect: connection refused

2026-08-06 09:59:52.190 | INFO     | app.core.database:session:97 - Database Connection established!
2026-08-06 09:59:52.193 | INFO     | sqlalchemy.log:info:159 - BEGIN (implicit)
2026-08-06 09:59:52.195 | INFO     | sqlalchemy.log:info:159 - SELECT users.id, users.organization_id, users.department_id, users.email, users.first_name, users.last_name, users.hashed_password, users.status, users.mfa_enabled, users.mfa_method, users.sso_provider, users.external_subject_id, users.last_login_at, users.user_metadata, users.created_at, users.deleted_at 
FROM users 
WHERE users.email = $1::VARCHAR
2026-08-06 09:59:52.195 | INFO     | sqlalchemy.log:info:159 - [cached since 29.47s ago] ('philip@appxcess.com',)
2026-08-06 09:59:52.199 | INFO     | sqlalchemy.log:info:159 - SELECT in_app_notifications.id, in_app_notifications.organization_id, in_app_notifications.user_id, in_app_notifications.title, in_app_notifications.message, in_app_notifications.notification_type, in_app_notifications.reference_type, in_app_notifications.reference_id, in_app_notifications.is_read, in_app_notifications.created_at 
FROM in_app_notifications 
WHERE in_app_notifications.user_id = $1::INTEGER AND in_app_notifications.organization_id = $2::INTEGER AND in_app_notifications.is_read = false
2026-08-06 09:59:52.199 | INFO     | sqlalchemy.log:info:159 - [cached since 28.87s ago] (42, 3)
2026-08-06 09:59:52.201 | INFO     | sqlalchemy.log:info:159 - ROLLBACK
2026-08-06 09:59:52.202 | INFO     | app.core.database:session:104 - Database Connections closed
2026-08-06 09:59:54.083 | WARNING  | app.services.steampipe_gitlab:run_query:337 - Steampipe query returned 41: Error: unable to obtain hooks for group_id 138592020
GET https://gitlab.com/api/v4/groups/138592020/hooks: 403 {error: insufficient_granular_scope}, {error_description: Access denied: This operation requires a fine-grained personal access token with the following group permissions: [Webhook: Read].} (SQLSTATE HV000)

2026-08-06 09:59:54.290 | INFO     | app.services.steampipe_gitlab:_query_table_batch:621 -   gitlab_group_project -> 1 resources
2026-08-06 09:59:57.534 | WARNING  | app.services.steampipe_gitlab:run_query:337 - Steampipe query returned 41: Error: unable to obtain access requests for group_id 138592020
GET https://gitlab.com/api/v4/groups/138592020/access_requests: 403 {error: insufficient_granular_scope}, {error_description: Access denied: This operation requires a fine-grained personal access token with the following group permissions: [Access Request: Read].} (SQLSTATE HV000)

2026-08-06 09:59:57.534 | INFO     | app.services.steampipe_gitlab:import_gitlab_resources_via_steampipe:956 - Import complete: 2 total GitLab resources from 2 tables (1 warnings)
2026-08-06 09:59:58.000 | INFO     | app.router.integrations.bulk:_import_gitlab_phase:705 - GitLab bulk import complete: 2 resources, 1 warnings
2026-08-06 10:00:07.187 | INFO     | app.core.database:session:97 - Database Connection established!
2026-08-06 10:00:07.188 | INFO     | sqlalchemy.log:info:159 - BEGIN (implicit)
2026-08-06 10:00:07.188 | INFO     | sqlalchemy.log:info:159 - SELECT users.id, users.organization_id, users.department_id, users.email, users.first_name, users.last_name, users.hashed_password, users.status, users.mfa_enabled, users.mfa_method, users.sso_provider, users.external_subject_id, users.last_login_at, users.user_metadata, users.created_at, users.deleted_at 
FROM users 
WHERE users.email = $1::VARCHAR
2026-08-06 10:00:07.188 | INFO     | sqlalchemy.log:info:159 - [cached since 44.46s ago] ('philip@appxcess.com',)
2026-08-06 10:00:07.190 | INFO     | sqlalchemy.log:info:159 - SELECT in_app_notifications.id, in_app_notifications.organization_id, in_app_notifications.user_id, in_app_notifications.title, in_app_notifications.message, in_app_notifications.notification_type, in_app_notifications.reference_type, in_app_notifications.reference_id, in_app_notifications.is_read, in_app_notifications.created_at 
FROM in_app_notifications 
WHERE in_app_notifications.user_id = $1::INTEGER AND in_app_notifications.organization_id = $2::INTEGER AND in_app_notifications.is_read = false
2026-08-06 10:00:07.190 | INFO     | sqlalchemy.log:info:159 - [cached since 43.86s ago] (42, 3)
2026-08-06 10:00:07.192 | INFO     | sqlalchemy.log:info:159 - ROLLBACK
2026-08-06 10:00:07.193 | INFO     | app.core.database:session:104 - Database Connections closed
2026-08-06 10:00:22.186 | INFO     | app.core.database:session:97 - Database Connection established!
2026-08-06 10:00:22.187 | INFO     | sqlalchemy.log:info:159 - BEGIN (implicit)
2026-08-06 10:00:22.187 | INFO     | sqlalchemy.log:info:159 - SELECT users.id, users.organization_id, users.department_id, users.email, users.first_name, users.last_name, users.hashed_password, users.status, users.mfa_enabled, users.mfa_method, users.sso_provider, users.external_subject_id, users.last_login_at, users.user_metadata, users.created_at, users.deleted_at 
FROM users 
WHERE users.email = $1::VARCHAR
2026-08-06 10:00:22.187 | INFO     | sqlalchemy.log:info:159 - [cached since 59.46s ago] ('philip@appxcess.com',)
2026-08-06 10:00:22.189 | INFO     | sqlalchemy.log:info:159 - SELECT in_app_notifications.id, in_app_notifications.organization_id, in_app_notifications.user_id, in_app_notifications.title, in_app_notifications.message, in_app_notifications.notification_type, in_app_notifications.reference_type, in_app_notifications.reference_id, in_app_notifications.is_read, in_app_notifications.created_at 
FROM in_app_notifications 
WHERE in_app_notifications.user_id = $1::INTEGER AND in_app_notifications.organization_id = $2::INTEGER AND in_app_notifications.is_read = false
2026-08-06 10:00:22.189 | INFO     | sqlalchemy.log:info:159 - [cached since 58.86s ago] (42, 3)
2026-08-06 10:00:22.191 | INFO     | sqlalchemy.log:info:159 - ROLLBACK
2026-08-06 10:00:22.191 | INFO     | app.core.database:session:104 - Database Connections closed
2026-08-06 10:00:37.180 | INFO     | app.core.database:session:97 - Database Connection established!
2026-08-06 10:00:37.181 | INFO     | sqlalchemy.log:info:159 - BEGIN (implicit)
2026-08-06 10:00:37.181 | INFO     | sqlalchemy.log:info:159 - SELECT users.id, users.organization_id, users.department_id, users.email, users.first_name, users.last_name, users.hashed_password, users.status, users.mfa_enabled, users.mfa_method, users.sso_provider, users.external_subject_id, users.last_login_at, users.user_metadata, users.created_at, users.deleted_at 
FROM users 
WHERE users.email = $1::VARCHAR
2026-08-06 10:00:37.182 | INFO     | sqlalchemy.log:info:159 - [cached since 74.45s ago] ('philip@appxcess.com',)
2026-08-06 10:00:37.183 | INFO     | sqlalchemy.log:info:159 - SELECT in_app_notifications.id, in_app_notifications.organization_id, in_app_notifications.user_id, in_app_notifications.title, in_app_notifications.message, in_app_notifications.notification_type, in_app_notifications.reference_type, in_app_notifications.reference_id, in_app_notifications.is_read, in_app_notifications.created_at 
FROM in_app_notifications 
WHERE in_app_notifications.user_id = $1::INTEGER AND in_app_notifications.organization_id = $2::INTEGER AND in_app_notifications.is_read = false
2026-08-06 10:00:37.184 | INFO     | sqlalchemy.log:info:159 - [cached since 73.86s ago] (42, 3)
2026-08-06 10:00:37.186 | INFO     | sqlalchemy.log:info:159 - ROLLBACK
2026-08-06 10:00:37.186 | INFO     | app.core.database:session:104 - Database Connections closed
2026-08-06 10:00:52.203 | INFO     | app.core.database:session:97 - Database Connection established!
2026-08-06 10:00:52.205 | INFO     | sqlalchemy.log:info:159 - BEGIN (implicit)
2026-08-06 10:00:52.206 | INFO     | sqlalchemy.log:info:159 - SELECT users.id, users.organization_id, users.department_id, users.email, users.first_name, users.last_name, users.hashed_password, users.status, users.mfa_enabled, users.mfa_method, users.sso_provider, users.external_subject_id, users.last_login_at, users.user_metadata, users.created_at, users.deleted_at 
FROM users 
WHERE users.email = $1::VARCHAR
2026-08-06 10:00:52.206 | INFO     | sqlalchemy.log:info:159 - [cached since 89.48s ago] ('philip@appxcess.com',)
2026-08-06 10:00:52.208 | INFO     | sqlalchemy.log:info:159 - SELECT in_app_notifications.id, in_app_notifications.organization_id, in_app_notifications.user_id, in_app_notifications.title, in_app_notifications.message, in_app_notifications.notification_type, in_app_notifications.reference_type, in_app_notifications.reference_id, in_app_notifications.is_read, in_app_notifications.created_at 
FROM in_app_notifications 
WHERE in_app_notifications.user_id = $1::INTEGER AND in_app_notifications.organization_id = $2::INTEGER AND in_app_notifications.is_read = false
2026-08-06 10:00:52.208 | INFO     | sqlalchemy.log:info:159 - [cached since 88.88s ago] (42, 3)
2026-08-06 10:00:52.210 | INFO     | sqlalchemy.log:info:159 - ROLLBACK
2026-08-06 10:00:52.210 | INFO     | app.core.database:session:104 - Database Connections closed
2026-08-06 10:01:07.206 | INFO     | app.core.database:session:97 - Database Connection established!
2026-08-06 10:01:07.209 | INFO     | sqlalchemy.log:info:159 - BEGIN (implicit)
2026-08-06 10:01:07.210 | INFO     | sqlalchemy.log:info:159 - SELECT users.id, users.organization_id, users.department_id, users.email, users.first_name, users.last_name, users.hashed_password, users.status, users.mfa_enabled, users.mfa_method, users.sso_provider, users.external_subject_id, users.last_login_at, users.user_metadata, users.created_at, users.deleted_at 
FROM users 
WHERE users.email = $1::VARCHAR
2026-08-06 10:01:07.210 | INFO     | sqlalchemy.log:info:159 - [cached since 104.5s ago] ('philip@appxcess.com',)
2026-08-06 10:01:07.216 | INFO     | sqlalchemy.log:info:159 - SELECT in_app_notifications.id, in_app_notifications.organization_id, in_app_notifications.user_id, in_app_notifications.title, in_app_notifications.message, in_app_notifications.notification_type, in_app_notifications.reference_type, in_app_notifications.reference_id, in_app_notifications.is_read, in_app_notifications.created_at 
FROM in_app_notifications 
WHERE in_app_notifications.user_id = $1::INTEGER AND in_app_notifications.organization_id = $2::INTEGER AND in_app_notifications.is_read = false
2026-08-06 10:01:07.216 | INFO     | sqlalchemy.log:info:159 - [cached since 103.9s ago] (42, 3)
2026-08-06 10:01:07.219 | INFO     | sqlalchemy.log:info:159 - ROLLBACK
2026-08-06 10:01:07.220 | INFO     | app.core.database:session:104 - Database Connections closed
2026-08-06 10:01:22.189 | INFO     | app.core.database:session:97 - Database Connection established!
2026-08-06 10:01:22.189 | INFO     | sqlalchemy.log:info:159 - BEGIN (implicit)
2026-08-06 10:01:22.190 | INFO     | sqlalchemy.log:info:159 - SELECT users.id, users.organization_id, users.department_id, users.email, users.first_name, users.last_name, users.hashed_password, users.status, users.mfa_enabled, users.mfa_method, users.sso_provider, users.external_subject_id, users.last_login_at, users.user_metadata, users.created_at, users.deleted_at 
FROM users 
WHERE users.email = $1::VARCHAR
2026-08-06 10:01:22.190 | INFO     | sqlalchemy.log:info:159 - [cached since 119.5s ago] ('philip@appxcess.com',)
2026-08-06 10:01:22.191 | INFO     | sqlalchemy.log:info:159 - SELECT in_app_notifications.id, in_app_notifications.organization_id, in_app_notifications.user_id, in_app_notifications.title, in_app_notifications.message, in_app_notifications.notification_type, in_app_notifications.reference_type, in_app_notifications.reference_id, in_app_notifications.is_read, in_app_notifications.created_at 
FROM in_app_notifications 
WHERE in_app_notifications.user_id = $1::INTEGER AND in_app_notifications.organization_id = $2::INTEGER AND in_app_notifications.is_read = false
2026-08-06 10:01:22.191 | INFO     | sqlalchemy.log:info:159 - [cached since 118.9s ago] (42, 3)
2026-08-06 10:01:22.192 | INFO     | sqlalchemy.log:info:159 - ROLLBACK
2026-08-06 10:01:22.193 | INFO     | app.core.database:session:104 - Database Connections closed
2026-08-06 10:01:37.199 | INFO     | app.core.database:session:97 - Database Connection established!
2026-08-06 10:01:37.202 | INFO     | sqlalchemy.log:info:159 - BEGIN (implicit)
2026-08-06 10:01:37.203 | INFO     | sqlalchemy.log:info:159 - SELECT users.id, users.organization_id, users.department_id, users.email, users.first_name, users.last_name, users.hashed_password, users.status, users.mfa_enabled, users.mfa_method, users.sso_provider, users.external_subject_id, users.last_login_at, users.user_metadata, users.created_at, users.deleted_at 
FROM users 
WHERE users.email = $1::VARCHAR
2026-08-06 10:01:37.204 | INFO     | sqlalchemy.log:info:159 - [cached since 134.5s ago] ('philip@appxcess.com',)
2026-08-06 10:01:37.209 | INFO     | sqlalchemy.log:info:159 - SELECT in_app_notifications.id, in_app_notifications.organization_id, in_app_notifications.user_id, in_app_notifications.title, in_app_notifications.message, in_app_notifications.notification_type, in_app_notifications.reference_type, in_app_notifications.reference_id, in_app_notifications.is_read, in_app_notifications.created_at 
FROM in_app_notifications 
WHERE in_app_notifications.user_id = $1::INTEGER AND in_app_notifications.organization_id = $2::INTEGER AND in_app_notifications.is_read = false
2026-08-06 10:01:37.210 | INFO     | sqlalchemy.log:info:159 - [cached since 133.9s ago] (42, 3)
2026-08-06 10:01:37.213 | INFO     | sqlalchemy.log:info:159 - ROLLBACK
2026-08-06 10:01:37.215 | INFO     | app.core.database:session:104 - Database Connections closed
2026-08-06 10:01:44.807 | INFO     | app.core.database:session:97 - Database Connection established!
2026-08-06 10:01:44.808 | INFO     | sqlalchemy.log:info:159 - BEGIN (implicit)
2026-08-06 10:01:44.809 | INFO     | sqlalchemy.log:info:159 - SELECT users.id, users.organization_id, users.department_id, users.email, users.first_name, users.last_name, users.hashed_password, users.status, users.mfa_enabled, users.mfa_method, users.sso_provider, users.external_subject_id, users.last_login_at, users.user_metadata, users.created_at, users.deleted_at 
FROM users 
WHERE users.email = $1::VARCHAR
2026-08-06 10:01:44.809 | INFO     | sqlalchemy.log:info:159 - [cached since 142.1s ago] ('philip@appxcess.com',)
2026-08-06 10:01:44.813 | INFO     | sqlalchemy.log:info:159 - ROLLBACK
2026-08-06 10:01:44.815 | INFO     | app.core.database:session:104 - Database Connections closed
2026-08-06 10:01:44.861 | INFO     | app.core.database:session:97 - Database Connection established!
2026-08-06 10:01:44.864 | INFO     | sqlalchemy.log:info:159 - BEGIN (implicit)
2026-08-06 10:01:44.869 | INFO     | sqlalchemy.log:info:159 - SELECT users.id, users.organization_id, users.department_id, users.email, users.first_name, users.last_name, users.hashed_password, users.status, users.mfa_enabled, users.mfa_method, users.sso_provider, users.external_subject_id, users.last_login_at, users.user_metadata, users.created_at, users.deleted_at 
FROM users 
WHERE users.email = $1::VARCHAR
2026-08-06 10:01:44.870 | INFO     | sqlalchemy.log:info:159 - [cached since 142.1s ago] ('philip@appxcess.com',)
2026-08-06 10:01:44.872 | INFO     | sqlalchemy.log:info:159 - ROLLBACK
2026-08-06 10:01:44.873 | INFO     | app.core.database:session:104 - Database Connections closed
2026-08-06 10:01:44.932 | INFO     | app.core.database:session:97 - Database Connection established!
2026-08-06 10:01:44.937 | INFO     | sqlalchemy.log:info:159 - BEGIN (implicit)
2026-08-06 10:01:44.940 | INFO     | sqlalchemy.log:info:159 - SELECT users.id, users.organization_id, users.department_id, users.email, users.first_name, users.last_name, users.hashed_password, users.status, users.mfa_enabled, users.mfa_method, users.sso_provider, users.external_subject_id, users.last_login_at, users.user_metadata, users.created_at, users.deleted_at 
FROM users 
WHERE users.email = $1::VARCHAR
2026-08-06 10:01:44.941 | INFO     | sqlalchemy.log:info:159 - [cached since 142.2s ago] ('philip@appxcess.com',)
2026-08-06 10:01:44.943 | INFO     | sqlalchemy.log:info:159 - ROLLBACK
2026-08-06 10:01:44.944 | INFO     | app.core.database:session:104 - Database Connections closed
2026-08-06 10:01:44.956 | INFO     | app.core.database:session:97 - Database Connection established!
2026-08-06 10:01:44.958 | INFO     | sqlalchemy.log:info:159 - BEGIN (implicit)
2026-08-06 10:01:44.958 | INFO     | sqlalchemy.log:info:159 - SELECT users.id, users.organization_id, users.department_id, users.email, users.first_name, users.last_name, users.hashed_password, users.status, users.mfa_enabled, users.mfa_method, users.sso_provider, users.external_subject_id, users.last_login_at, users.user_metadata, users.created_at, users.deleted_at 
FROM users 
WHERE users.email = $1::VARCHAR
2026-08-06 10:01:44.959 | INFO     | sqlalchemy.log:info:159 - [cached since 142.2s ago] ('philip@appxcess.com',)
2026-08-06 10:01:44.961 | INFO     | app.core.database:session:97 - Database Connection established!
2026-08-06 10:01:44.963 | INFO     | sqlalchemy.log:info:159 - BEGIN (implicit)
2026-08-06 10:01:44.964 | INFO     | sqlalchemy.log:info:159 - SELECT users.id, users.organization_id, users.department_id, users.email, users.first_name, users.last_name, users.hashed_password, users.status, users.mfa_enabled, users.mfa_method, users.sso_provider, users.external_subject_id, users.last_login_at, users.user_metadata, users.created_at, users.deleted_at 
FROM users 
WHERE users.email = $1::VARCHAR
2026-08-06 10:01:44.966 | INFO     | sqlalchemy.log:info:159 - [cached since 142.2s ago] ('philip@appxcess.com',)
2026-08-06 10:01:44.976 | INFO     | sqlalchemy.log:info:159 - ROLLBACK
2026-08-06 10:01:44.979 | INFO     | sqlalchemy.log:info:159 - ROLLBACK
2026-08-06 10:01:44.981 | INFO     | app.core.database:session:97 - Database Connection established!
2026-08-06 10:01:44.987 | INFO     | app.core.database:session:104 - Database Connections closed
2026-08-06 10:01:44.987 | INFO     | app.core.database:session:104 - Database Connections closed
2026-08-06 10:01:44.988 | INFO     | app.core.database:session:97 - Database Connection established!
2026-08-06 10:01:44.989 | INFO     | sqlalchemy.log:info:159 - BEGIN (implicit)
2026-08-06 10:01:44.989 | INFO     | sqlalchemy.log:info:159 - SELECT users.id, users.organization_id, users.department_id, users.email, users.first_name, users.last_name, users.hashed_password, users.status, users.mfa_enabled, users.mfa_method, users.sso_provider, users.external_subject_id, users.last_login_at, users.user_metadata, users.created_at, users.deleted_at 
FROM users 
WHERE users.email = $1::VARCHAR
2026-08-06 10:01:44.990 | INFO     | sqlalchemy.log:info:159 - [cached since 142.3s ago] ('philip@appxcess.com',)
2026-08-06 10:01:44.994 | INFO     | sqlalchemy.log:info:159 - ROLLBACK
2026-08-06 10:01:44.995 | INFO     | app.core.database:session:104 - Database Connections closed
2026-08-06 10:01:45.071 | INFO     | sqlalchemy.log:info:159 - BEGIN (implicit)
2026-08-06 10:01:45.071 | INFO     | sqlalchemy.log:info:159 - SELECT users.id, users.organization_id, users.department_id, users.email, users.first_name, users.last_name, users.hashed_password, users.status, users.mfa_enabled, users.mfa_method, users.sso_provider, users.external_subject_id, users.last_login_at, users.user_metadata, users.created_at, users.deleted_at 
FROM users 
WHERE users.email = $1::VARCHAR
2026-08-06 10:01:45.071 | INFO     | sqlalchemy.log:info:159 - [cached since 142.3s ago] ('philip@appxcess.com',)
2026-08-06 10:01:45.075 | INFO     | sqlalchemy.log:info:159 - ROLLBACK
2026-08-06 10:01:45.076 | INFO     | app.core.database:session:104 - Database Connections closed
2026-08-06 10:01:46.868 | INFO     | app.core.database:session:97 - Database Connection established!
2026-08-06 10:01:46.869 | INFO     | sqlalchemy.log:info:159 - BEGIN (implicit)
2026-08-06 10:01:46.869 | INFO     | sqlalchemy.log:info:159 - SELECT users.id, users.organization_id, users.department_id, users.email, users.first_name, users.last_name, users.hashed_password, users.status, users.mfa_enabled, users.mfa_method, users.sso_provider, users.external_subject_id, users.last_login_at, users.user_metadata, users.created_at, users.deleted_at 
FROM users 
WHERE users.email = $1::VARCHAR
2026-08-06 10:01:46.869 | INFO     | sqlalchemy.log:info:159 - [cached since 144.1s ago] ('philip@appxcess.com',)
2026-08-06 10:01:46.871 | INFO     | app.core.database:session:97 - Database Connection established!
2026-08-06 10:01:46.872 | INFO     | sqlalchemy.log:info:159 - BEGIN (implicit)
2026-08-06 10:01:46.873 | INFO     | sqlalchemy.log:info:159 - SELECT users.id, users.organization_id, users.department_id, users.email, users.first_name, users.last_name, users.hashed_password, users.status, users.mfa_enabled, users.mfa_method, users.sso_provider, users.external_subject_id, users.last_login_at, users.user_metadata, users.created_at, users.deleted_at 
FROM users 
WHERE users.email = $1::VARCHAR
2026-08-06 10:01:46.873 | INFO     | sqlalchemy.log:info:159 - [cached since 144.1s ago] ('philip@appxcess.com',)
2026-08-06 10:01:46.875 | INFO     | sqlalchemy.log:info:159 - ROLLBACK
2026-08-06 10:01:46.876 | INFO     | app.core.database:session:104 - Database Connections closed
2026-08-06 10:01:46.877 | INFO     | sqlalchemy.log:info:159 - ROLLBACK
2026-08-06 10:01:46.879 | INFO     | app.core.database:session:104 - Database Connections closed
2026-08-06 10:01:48.702 | INFO     | app.core.database:session:97 - Database Connection established!
2026-08-06 10:01:48.703 | INFO     | sqlalchemy.log:info:159 - BEGIN (implicit)
2026-08-06 10:01:48.704 | INFO     | sqlalchemy.log:info:159 - SELECT users.id, users.organization_id, users.department_id, users.email, users.first_name, users.last_name, users.hashed_password, users.status, users.mfa_enabled, users.mfa_method, users.sso_provider, users.external_subject_id, users.last_login_at, users.user_metadata, users.created_at, users.deleted_at 
FROM users 
WHERE users.email = $1::VARCHAR
2026-08-06 10:01:48.704 | INFO     | sqlalchemy.log:info:159 - [cached since 146s ago] ('philip@appxcess.com',)
2026-08-06 10:01:48.706 | INFO     | app.core.database:session:97 - Database Connection established!
2026-08-06 10:01:48.706 | INFO     | sqlalchemy.log:info:159 - BEGIN (implicit)
2026-08-06 10:01:48.707 | INFO     | sqlalchemy.log:info:159 - SELECT users.id, users.organization_id, users.department_id, users.email, users.first_name, users.last_name, users.hashed_password, users.status, users.mfa_enabled, users.mfa_method, users.sso_provider, users.external_subject_id, users.last_login_at, users.user_metadata, users.created_at, users.deleted_at 
FROM users 
WHERE users.email = $1::VARCHAR
2026-08-06 10:01:48.707 | INFO     | sqlalchemy.log:info:159 - [cached since 146s ago] ('philip@appxcess.com',)
2026-08-06 10:01:48.708 | INFO     | sqlalchemy.log:info:159 - ROLLBACK
2026-08-06 10:01:48.709 | INFO     | sqlalchemy.log:info:159 - ROLLBACK
2026-08-06 10:01:48.709 | INFO     | app.core.database:session:104 - Database Connections closed
2026-08-06 10:01:48.709 | INFO     | app.core.database:session:104 - Database Connections closed
2026-08-06 10:01:49.986 | INFO     | app.core.database:session:97 - Database Connection established!
2026-08-06 10:01:49.987 | INFO     | sqlalchemy.log:info:159 - BEGIN (implicit)
2026-08-06 10:01:49.988 | INFO     | sqlalchemy.log:info:159 - SELECT users.id, users.organization_id, users.department_id, users.email, users.first_name, users.last_name, users.hashed_password, users.status, users.mfa_enabled, users.mfa_method, users.sso_provider, users.external_subject_id, users.last_login_at, users.user_metadata, users.created_at, users.deleted_at 
FROM users 
WHERE users.email = $1::VARCHAR
2026-08-06 10:01:49.988 | INFO     | sqlalchemy.log:info:159 - [cached since 147.3s ago] ('philip@appxcess.com',)
2026-08-06 10:01:49.990 | INFO     | app.core.database:session:97 - Database Connection established!
2026-08-06 10:01:50.004 | INFO     | sqlalchemy.log:info:159 - BEGIN (implicit)
2026-08-06 10:01:50.004 | INFO     | sqlalchemy.log:info:159 - SELECT users.id, users.organization_id, users.department_id, users.email, users.first_name, users.last_name, users.hashed_password, users.status, users.mfa_enabled, users.mfa_method, users.sso_provider, users.external_subject_id, users.last_login_at, users.user_metadata, users.created_at, users.deleted_at 
FROM users 
WHERE users.email = $1::VARCHAR
2026-08-06 10:01:50.004 | INFO     | sqlalchemy.log:info:159 - [cached since 147.3s ago] ('philip@appxcess.com',)
2026-08-06 10:01:50.006 | INFO     | sqlalchemy.log:info:159 - ROLLBACK
2026-08-06 10:01:50.007 | INFO     | app.core.database:session:104 - Database Connections closed
2026-08-06 10:01:50.008 | INFO     | sqlalchemy.log:info:159 - ROLLBACK
2026-08-06 10:01:50.008 | INFO     | app.core.database:session:104 - Database Connections closed
2026-08-06 10:01:50.978 | INFO     | app.core.database:session:97 - Database Connection established!
2026-08-06 10:01:50.979 | INFO     | sqlalchemy.log:info:159 - BEGIN (implicit)
2026-08-06 10:01:50.979 | INFO     | sqlalchemy.log:info:159 - SELECT users.id, users.organization_id, users.department_id, users.email, users.first_name, users.last_name, users.hashed_password, users.status, users.mfa_enabled, users.mfa_method, users.sso_provider, users.external_subject_id, users.last_login_at, users.user_metadata, users.created_at, users.deleted_at 
FROM users 
WHERE users.email = $1::VARCHAR
2026-08-06 10:01:50.980 | INFO     | sqlalchemy.log:info:159 - [cached since 148.3s ago] ('philip@appxcess.com',)
2026-08-06 10:01:50.981 | INFO     | app.core.database:session:97 - Database Connection established!
2026-08-06 10:01:50.981 | INFO     | sqlalchemy.log:info:159 - BEGIN (implicit)
2026-08-06 10:01:50.982 | INFO     | sqlalchemy.log:info:159 - SELECT users.id, users.organization_id, users.department_id, users.email, users.first_name, users.last_name, users.hashed_password, users.status, users.mfa_enabled, users.mfa_method, users.sso_provider, users.external_subject_id, users.last_login_at, users.user_metadata, users.created_at, users.deleted_at 
FROM users 
WHERE users.email = $1::VARCHAR
2026-08-06 10:01:50.982 | INFO     | sqlalchemy.log:info:159 - [cached since 148.3s ago] ('philip@appxcess.com',)
2026-08-06 10:01:50.984 | INFO     | sqlalchemy.log:info:159 - ROLLBACK
2026-08-06 10:01:50.985 | INFO     | sqlalchemy.log:info:159 - ROLLBACK
2026-08-06 10:01:50.985 | INFO     | app.core.database:session:104 - Database Connections closed
2026-08-06 10:01:50.986 | INFO     | app.core.database:session:104 - Database Connections closed
2026-08-06 10:01:52.145 | INFO     | app.core.database:session:97 - Database Connection established!
2026-08-06 10:01:52.146 | INFO     | sqlalchemy.log:info:159 - BEGIN (implicit)
2026-08-06 10:01:52.147 | INFO     | sqlalchemy.log:info:159 - SELECT users.id, users.organization_id, users.department_id, users.email, users.first_name, users.last_name, users.hashed_password, users.status, users.mfa_enabled, users.mfa_method, users.sso_provider, users.external_subject_id, users.last_login_at, users.user_metadata, users.created_at, users.deleted_at 
FROM users 
WHERE users.email = $1::VARCHAR
2026-08-06 10:01:52.147 | INFO     | sqlalchemy.log:info:159 - [cached since 149.4s ago] ('philip@appxcess.com',)
2026-08-06 10:01:52.149 | INFO     | app.core.database:session:97 - Database Connection established!
2026-08-06 10:01:52.150 | INFO     | sqlalchemy.log:info:159 - BEGIN (implicit)
2026-08-06 10:01:52.151 | INFO     | sqlalchemy.log:info:159 - SELECT users.id, users.organization_id, users.department_id, users.email, users.first_name, users.last_name, users.hashed_password, users.status, users.mfa_enabled, users.mfa_method, users.sso_provider, users.external_subject_id, users.last_login_at, users.user_metadata, users.created_at, users.deleted_at 
FROM users 
WHERE users.email = $1::VARCHAR
2026-08-06 10:01:52.151 | INFO     | sqlalchemy.log:info:159 - [cached since 149.4s ago] ('philip@appxcess.com',)
2026-08-06 10:01:52.152 | INFO     | sqlalchemy.log:info:159 - ROLLBACK
2026-08-06 10:01:52.152 | INFO     | app.core.database:session:104 - Database Connections closed
2026-08-06 10:01:52.154 | INFO     | sqlalchemy.log:info:159 - ROLLBACK
2026-08-06 10:01:52.155 | INFO     | app.core.database:session:104 - Database Connections closed
2026-08-06 10:01:52.201 | INFO     | app.core.database:session:97 - Database Connection established!
2026-08-06 10:01:52.202 | INFO     | sqlalchemy.log:info:159 - BEGIN (implicit)
2026-08-06 10:01:52.202 | INFO     | sqlalchemy.log:info:159 - SELECT users.id, users.organization_id, users.department_id, users.email, users.first_name, users.last_name, users.hashed_password, users.status, users.mfa_enabled, users.mfa_method, users.sso_provider, users.external_subject_id, users.last_login_at, users.user_metadata, users.created_at, users.deleted_at 
FROM users 
WHERE users.email = $1::VARCHAR
2026-08-06 10:01:52.202 | INFO     | sqlalchemy.log:info:159 - [cached since 149.5s ago] ('philip@appxcess.com',)
2026-08-06 10:01:52.206 | INFO     | sqlalchemy.log:info:159 - SELECT in_app_notifications.id, in_app_notifications.organization_id, in_app_notifications.user_id, in_app_notifications.title, in_app_notifications.message, in_app_notifications.notification_type, in_app_notifications.reference_type, in_app_notifications.reference_id, in_app_notifications.is_read, in_app_notifications.created_at 
FROM in_app_notifications 
WHERE in_app_notifications.user_id = $1::INTEGER AND in_app_notifications.organization_id = $2::INTEGER AND in_app_notifications.is_read = false
2026-08-06 10:01:52.206 | INFO     | sqlalchemy.log:info:159 - [cached since 148.9s ago] (42, 3)
2026-08-06 10:01:52.208 | INFO     | sqlalchemy.log:info:159 - ROLLBACK
2026-08-06 10:01:52.210 | INFO     | app.core.database:session:104 - Database Connections closed
2026-08-06 10:01:56.576 | INFO     | app.core.database:session:97 - Database Connection established!
2026-08-06 10:01:56.577 | INFO     | sqlalchemy.log:info:159 - BEGIN (implicit)
2026-08-06 10:01:56.578 | INFO     | sqlalchemy.log:info:159 - SELECT users.id, users.organization_id, users.department_id, users.email, users.first_name, users.last_name, users.hashed_password, users.status, users.mfa_enabled, users.mfa_method, users.sso_provider, users.external_subject_id, users.last_login_at, users.user_metadata, users.created_at, users.deleted_at 
FROM users 
WHERE users.email = $1::VARCHAR
2026-08-06 10:01:56.578 | INFO     | sqlalchemy.log:info:159 - [cached since 153.8s ago] ('philip@appxcess.com',)
2026-08-06 10:01:56.581 | INFO     | app.core.database:session:97 - Database Connection established!
2026-08-06 10:01:56.582 | INFO     | sqlalchemy.log:info:159 - BEGIN (implicit)
2026-08-06 10:01:56.584 | INFO     | sqlalchemy.log:info:159 - SELECT users.id, users.organization_id, users.department_id, users.email, users.first_name, users.last_name, users.hashed_password, users.status, users.mfa_enabled, users.mfa_method, users.sso_provider, users.external_subject_id, users.last_login_at, users.user_metadata, users.created_at, users.deleted_at 
FROM users 
WHERE users.email = $1::VARCHAR
2026-08-06 10:01:56.585 | INFO     | sqlalchemy.log:info:159 - [cached since 153.9s ago] ('philip@appxcess.com',)
2026-08-06 10:01:56.590 | INFO     | sqlalchemy.log:info:159 - ROLLBACK
2026-08-06 10:01:56.592 | INFO     | app.core.database:session:104 - Database Connections closed
2026-08-06 10:01:56.593 | INFO     | sqlalchemy.log:info:159 - ROLLBACK
2026-08-06 10:01:56.594 | INFO     | app.core.database:session:104 - Database Connections closed
2026-08-06 10:01:58.036 | INFO     | app.core.database:session:97 - Database Connection established!
2026-08-06 10:01:58.040 | INFO     | sqlalchemy.log:info:159 - BEGIN (implicit)
2026-08-06 10:01:58.041 | INFO     | sqlalchemy.log:info:159 - SELECT users.id, users.organization_id, users.department_id, users.email, users.first_name, users.last_name, users.hashed_password, users.status, users.mfa_enabled, users.mfa_method, users.sso_provider, users.external_subject_id, users.last_login_at, users.user_metadata, users.created_at, users.deleted_at 
FROM users 
WHERE users.email = $1::VARCHAR
2026-08-06 10:01:58.041 | INFO     | sqlalchemy.log:info:159 - [cached since 155.3s ago] ('philip@appxcess.com',)
2026-08-06 10:01:58.043 | INFO     | app.core.database:session:97 - Database Connection established!
2026-08-06 10:01:58.045 | INFO     | sqlalchemy.log:info:159 - BEGIN (implicit)
2026-08-06 10:01:58.045 | INFO     | sqlalchemy.log:info:159 - SELECT users.id, users.organization_id, users.department_id, users.email, users.first_name, users.last_name, users.hashed_password, users.status, users.mfa_enabled, users.mfa_method, users.sso_provider, users.external_subject_id, users.last_login_at, users.user_metadata, users.created_at, users.deleted_at 
FROM users 
WHERE users.email = $1::VARCHAR
2026-08-06 10:01:58.046 | INFO     | sqlalchemy.log:info:159 - [cached since 155.3s ago] ('philip@appxcess.com',)
2026-08-06 10:01:58.047 | INFO     | sqlalchemy.log:info:159 - ROLLBACK
2026-08-06 10:01:58.049 | INFO     | app.core.database:session:104 - Database Connections closed
2026-08-06 10:01:58.054 | INFO     | sqlalchemy.log:info:159 - ROLLBACK
2026-08-06 10:01:58.057 | INFO     | app.core.database:session:104 - Database Connections closed
2026-08-06 10:02:07.221 | INFO     | app.core.database:session:97 - Database Connection established!
2026-08-06 10:02:07.223 | INFO     | sqlalchemy.log:info:159 - BEGIN (implicit)
2026-08-06 10:02:07.224 | INFO     | sqlalchemy.log:info:159 - SELECT users.id, users.organization_id, users.department_id, users.email, users.first_name, users.last_name, users.hashed_password, users.status, users.mfa_enabled, users.mfa_method, users.sso_provider, users.external_subject_id, users.last_login_at, users.user_metadata, users.created_at, users.deleted_at 
FROM users 
WHERE users.email = $1::VARCHAR
2026-08-06 10:02:07.225 | INFO     | sqlalchemy.log:info:159 - [cached since 164.5s ago] ('philip@appxcess.com',)
2026-08-06 10:02:07.230 | INFO     | sqlalchemy.log:info:159 - SELECT in_app_notifications.id, in_app_notifications.organization_id, in_app_notifications.user_id, in_app_notifications.title, in_app_notifications.message, in_app_notifications.notification_type, in_app_notifications.reference_type, in_app_notifications.reference_id, in_app_notifications.is_read, in_app_notifications.created_at 
FROM in_app_notifications 
WHERE in_app_notifications.user_id = $1::INTEGER AND in_app_notifications.organization_id = $2::INTEGER AND in_app_notifications.is_read = false
2026-08-06 10:02:07.231 | INFO     | sqlalchemy.log:info:159 - [cached since 163.9s ago] (42, 3)
2026-08-06 10:02:07.234 | INFO     | sqlalchemy.log:info:159 - ROLLBACK
2026-08-06 10:02:07.237 | INFO     | app.core.database:session:104 - Database Connections closed
2026-08-06 10:02:23.176 | INFO     | app.core.database:session:97 - Database Connection established!
2026-08-06 10:02:23.178 | INFO     | sqlalchemy.log:info:159 - BEGIN (implicit)
2026-08-06 10:02:23.179 | INFO     | sqlalchemy.log:info:159 - SELECT users.id, users.organization_id, users.department_id, users.email, users.first_name, users.last_name, users.hashed_password, users.status, users.mfa_enabled, users.mfa_method, users.sso_provider, users.external_subject_id, users.last_login_at, users.user_metadata, users.created_at, users.deleted_at 
FROM users 
WHERE users.email = $1::VARCHAR
2026-08-06 10:02:23.179 | INFO     | sqlalchemy.log:info:159 - [cached since 180.5s ago] ('philip@appxcess.com',)
2026-08-06 10:02:23.185 | INFO     | sqlalchemy.log:info:159 - SELECT in_app_notifications.id, in_app_notifications.organization_id, in_app_notifications.user_id, in_app_notifications.title, in_app_notifications.message, in_app_notifications.notification_type, in_app_notifications.reference_type, in_app_notifications.reference_id, in_app_notifications.is_read, in_app_notifications.created_at 
FROM in_app_notifications 
WHERE in_app_notifications.user_id = $1::INTEGER AND in_app_notifications.organization_id = $2::INTEGER AND in_app_notifications.is_read = false
2026-08-06 10:02:23.187 | INFO     | sqlalchemy.log:info:159 - [cached since 179.9s ago] (42, 3)
2026-08-06 10:02:23.189 | INFO     | sqlalchemy.log:info:159 - ROLLBACK
2026-08-06 10:02:23.190 | INFO     | app.core.database:session:104 - Database Connections closed
2026-08-06 10:02:38.175 | INFO     | app.core.database:session:97 - Database Connection established!
2026-08-06 10:02:38.175 | INFO     | sqlalchemy.log:info:159 - BEGIN (implicit)
2026-08-06 10:02:38.176 | INFO     | sqlalchemy.log:info:159 - SELECT users.id, users.organization_id, users.department_id, users.email, users.first_name, users.last_name, users.hashed_password, users.status, users.mfa_enabled, users.mfa_method, users.sso_provider, users.external_subject_id, users.last_login_at, users.user_metadata, users.created_at, users.deleted_at 
FROM users 
WHERE users.email = $1::VARCHAR
2026-08-06 10:02:38.176 | INFO     | sqlalchemy.log:info:159 - [cached since 195.4s ago] ('philip@appxcess.com',)
2026-08-06 10:02:38.178 | INFO     | sqlalchemy.log:info:159 - SELECT in_app_notifications.id, in_app_notifications.organization_id, in_app_notifications.user_id, in_app_notifications.title, in_app_notifications.message, in_app_notifications.notification_type, in_app_notifications.reference_type, in_app_notifications.reference_id, in_app_notifications.is_read, in_app_notifications.created_at 
FROM in_app_notifications 
WHERE in_app_notifications.user_id = $1::INTEGER AND in_app_notifications.organization_id = $2::INTEGER AND in_app_notifications.is_read = false
2026-08-06 10:02:38.178 | INFO     | sqlalchemy.log:info:159 - [cached since 194.9s ago] (42, 3)
2026-08-06 10:02:38.180 | INFO     | sqlalchemy.log:info:159 - ROLLBACK
2026-08-06 10:02:38.181 | INFO     | app.core.database:session:104 - Database Connections closed
2026-08-06 10:02:53.190 | INFO     | app.core.database:session:97 - Database Connection established!
2026-08-06 10:02:53.192 | INFO     | sqlalchemy.log:info:159 - BEGIN (implicit)
2026-08-06 10:02:53.194 | INFO     | sqlalchemy.log:info:159 - SELECT users.id, users.organization_id, users.department_id, users.email, users.first_name, users.last_name, users.hashed_password, users.status, users.mfa_enabled, users.mfa_method, users.sso_provider, users.external_subject_id, users.last_login_at, users.user_metadata, users.created_at, users.deleted_at 
FROM users 
WHERE users.email = $1::VARCHAR
2026-08-06 10:02:53.194 | INFO     | sqlalchemy.log:info:159 - [cached since 210.5s ago] ('philip@appxcess.com',)
2026-08-06 10:02:53.200 | INFO     | sqlalchemy.log:info:159 - SELECT in_app_notifications.id, in_app_notifications.organization_id, in_app_notifications.user_id, in_app_notifications.title, in_app_notifications.message, in_app_notifications.notification_type, in_app_notifications.reference_type, in_app_notifications.reference_id, in_app_notifications.is_read, in_app_notifications.created_at 
FROM in_app_notifications 
WHERE in_app_notifications.user_id = $1::INTEGER AND in_app_notifications.organization_id = $2::INTEGER AND in_app_notifications.is_read = false
2026-08-06 10:02:53.201 | INFO     | sqlalchemy.log:info:159 - [cached since 209.9s ago] (42, 3)
2026-08-06 10:02:53.204 | INFO     | sqlalchemy.log:info:159 - ROLLBACK
2026-08-06 10:02:53.205 | INFO     | app.core.database:session:104 - Database Connections closed
2026-08-06 10:03:08.277 | INFO     | app.core.database:session:97 - Database Connection established!
2026-08-06 10:03:08.278 | INFO     | sqlalchemy.log:info:159 - BEGIN (implicit)
2026-08-06 10:03:08.278 | INFO     | sqlalchemy.log:info:159 - SELECT users.id, users.organization_id, users.department_id, users.email, users.first_name, users.last_name, users.hashed_password, users.status, users.mfa_enabled, users.mfa_method, users.sso_provider, users.external_subject_id, users.last_login_at, users.user_metadata, users.created_at, users.deleted_at 
FROM users 
WHERE users.email = $1::VARCHAR
2026-08-06 10:03:08.278 | INFO     | sqlalchemy.log:info:159 - [cached since 225.5s ago] ('philip@appxcess.com',)
2026-08-06 10:03:08.280 | INFO     | sqlalchemy.log:info:159 - SELECT in_app_notifications.id, in_app_notifications.organization_id, in_app_notifications.user_id, in_app_notifications.title, in_app_notifications.message, in_app_notifications.notification_type, in_app_notifications.reference_type, in_app_notifications.reference_id, in_app_notifications.is_read, in_app_notifications.created_at 
FROM in_app_notifications 
WHERE in_app_notifications.user_id = $1::INTEGER AND in_app_notifications.organization_id = $2::INTEGER AND in_app_notifications.is_read = false
2026-08-06 10:03:08.280 | INFO     | sqlalchemy.log:info:159 - [cached since 225s ago] (42, 3)
2026-08-06 10:03:08.281 | INFO     | sqlalchemy.log:info:159 - ROLLBACK
2026-08-06 10:03:08.281 | INFO     | app.core.database:session:104 - Database Connections closed
2026-08-06 10:03:23.753 | INFO     | app.core.database:session:97 - Database Connection established!
2026-08-06 10:03:23.754 | INFO     | sqlalchemy.log:info:159 - BEGIN (implicit)
2026-08-06 10:03:23.754 | INFO     | sqlalchemy.log:info:159 - SELECT users.id, users.organization_id, users.department_id, users.email, users.first_name, users.last_name, users.hashed_password, users.status, users.mfa_enabled, users.mfa_method, users.sso_provider, users.external_subject_id, users.last_login_at, users.user_metadata, users.created_at, users.deleted_at 
FROM users 
WHERE users.email = $1::VARCHAR
2026-08-06 10:03:23.755 | INFO     | sqlalchemy.log:info:159 - [cached since 241s ago] ('philip@appxcess.com',)
2026-08-06 10:03:23.757 | INFO     | sqlalchemy.log:info:159 - SELECT in_app_notifications.id, in_app_notifications.organization_id, in_app_notifications.user_id, in_app_notifications.title, in_app_notifications.message, in_app_notifications.notification_type, in_app_notifications.reference_type, in_app_notifications.reference_id, in_app_notifications.is_read, in_app_notifications.created_at 
FROM in_app_notifications 
WHERE in_app_notifications.user_id = $1::INTEGER AND in_app_notifications.organization_id = $2::INTEGER AND in_app_notifications.is_read = false
2026-08-06 10:03:23.757 | INFO     | sqlalchemy.log:info:159 - [cached since 240.4s ago] (42, 3)
2026-08-06 10:03:23.758 | INFO     | sqlalchemy.log:info:159 - ROLLBACK
2026-08-06 10:03:23.759 | INFO     | app.core.database:session:104 - Database Connections closed
2026-08-06 10:03:38.286 | INFO     | app.core.database:session:97 - Database Connection established!
2026-08-06 10:03:38.286 | INFO     | sqlalchemy.log:info:159 - BEGIN (implicit)
2026-08-06 10:03:38.287 | INFO     | sqlalchemy.log:info:159 - SELECT users.id, users.organization_id, users.department_id, users.email, users.first_name, users.last_name, users.hashed_password, users.status, users.mfa_enabled, users.mfa_method, users.sso_provider, users.external_subject_id, users.last_login_at, users.user_metadata, users.created_at, users.deleted_at 
FROM users 
WHERE users.email = $1::VARCHAR
2026-08-06 10:03:38.287 | INFO     | sqlalchemy.log:info:159 - [cached since 255.6s ago] ('philip@appxcess.com',)
2026-08-06 10:03:38.288 | INFO     | sqlalchemy.log:info:159 - SELECT in_app_notifications.id, in_app_notifications.organization_id, in_app_notifications.user_id, in_app_notifications.title, in_app_notifications.message, in_app_notifications.notification_type, in_app_notifications.reference_type, in_app_notifications.reference_id, in_app_notifications.is_read, in_app_notifications.created_at 
FROM in_app_notifications 
WHERE in_app_notifications.user_id = $1::INTEGER AND in_app_notifications.organization_id = $2::INTEGER AND in_app_notifications.is_read = false
2026-08-06 10:03:38.288 | INFO     | sqlalchemy.log:info:159 - [cached since 255s ago] (42, 3)
2026-08-06 10:03:38.289 | INFO     | sqlalchemy.log:info:159 - ROLLBACK
2026-08-06 10:03:38.290 | INFO     | app.core.database:session:104 - Database Connections closed
2026-08-06 10:03:53.292 | INFO     | app.core.database:session:97 - Database Connection established!
2026-08-06 10:03:53.293 | INFO     | sqlalchemy.log:info:159 - BEGIN (implicit)
2026-08-06 10:03:53.293 | INFO     | sqlalchemy.log:info:159 - SELECT users.id, users.organization_id, users.department_id, users.email, users.first_name, users.last_name, users.hashed_password, users.status, users.mfa_enabled, users.mfa_method, users.sso_provider, users.external_subject_id, users.last_login_at, users.user_metadata, users.created_at, users.deleted_at 
FROM users 
WHERE users.email = $1::VARCHAR
2026-08-06 10:03:53.293 | INFO     | sqlalchemy.log:info:159 - [cached since 270.6s ago] ('philip@appxcess.com',)
2026-08-06 10:03:53.296 | INFO     | sqlalchemy.log:info:159 - SELECT in_app_notifications.id, in_app_notifications.organization_id, in_app_notifications.user_id, in_app_notifications.title, in_app_notifications.message, in_app_notifications.notification_type, in_app_notifications.reference_type, in_app_notifications.reference_id, in_app_notifications.is_read, in_app_notifications.created_at 
FROM in_app_notifications 
WHERE in_app_notifications.user_id = $1::INTEGER AND in_app_notifications.organization_id = $2::INTEGER AND in_app_notifications.is_read = false
2026-08-06 10:03:53.296 | INFO     | sqlalchemy.log:info:159 - [cached since 270s ago] (42, 3)
2026-08-06 10:03:53.297 | INFO     | sqlalchemy.log:info:159 - ROLLBACK
2026-08-06 10:03:53.298 | INFO     | app.core.database:session:104 - Database Connections closed
2026-08-06 10:04:08.291 | INFO     | app.core.database:session:97 - Database Connection established!
2026-08-06 10:04:08.293 | INFO     | sqlalchemy.log:info:159 - BEGIN (implicit)
2026-08-06 10:04:08.295 | INFO     | sqlalchemy.log:info:159 - SELECT users.id, users.organization_id, users.department_id, users.email, users.first_name, users.last_name, users.hashed_password, users.status, users.mfa_enabled, users.mfa_method, users.sso_provider, users.external_subject_id, users.last_login_at, users.user_metadata, users.created_at, users.deleted_at 
FROM users 
WHERE users.email = $1::VARCHAR
2026-08-06 10:04:08.295 | INFO     | sqlalchemy.log:info:159 - [cached since 285.6s ago] ('philip@appxcess.com',)
2026-08-06 10:04:08.301 | INFO     | sqlalchemy.log:info:159 - SELECT in_app_notifications.id, in_app_notifications.organization_id, in_app_notifications.user_id, in_app_notifications.title, in_app_notifications.message, in_app_notifications.notification_type, in_app_notifications.reference_type, in_app_notifications.reference_id, in_app_notifications.is_read, in_app_notifications.created_at 
FROM in_app_notifications 
WHERE in_app_notifications.user_id = $1::INTEGER AND in_app_notifications.organization_id = $2::INTEGER AND in_app_notifications.is_read = false
2026-08-06 10:04:08.302 | INFO     | sqlalchemy.log:info:159 - [cached since 285s ago] (42, 3)
2026-08-06 10:04:08.305 | INFO     | sqlalchemy.log:info:159 - ROLLBACK
2026-08-06 10:04:08.306 | INFO     | app.core.database:session:104 - Database Connections closed
2026-08-06 10:04:24.223 | INFO     | app.core.database:session:97 - Database Connection established!
2026-08-06 10:04:24.224 | INFO     | sqlalchemy.log:info:159 - BEGIN (implicit)
2026-08-06 10:04:24.224 | INFO     | sqlalchemy.log:info:159 - SELECT users.id, users.organization_id, users.department_id, users.email, users.first_name, users.last_name, users.hashed_password, users.status, users.mfa_enabled, users.mfa_method, users.sso_provider, users.external_subject_id, users.last_login_at, users.user_metadata, users.created_at, users.deleted_at 
FROM users 
WHERE users.email = $1::VARCHAR
2026-08-06 10:04:24.224 | INFO     | sqlalchemy.log:info:159 - [cached since 301.5s ago] ('philip@appxcess.com',)
2026-08-06 10:04:24.228 | INFO     | sqlalchemy.log:info:159 - SELECT in_app_notifications.id, in_app_notifications.organization_id, in_app_notifications.user_id, in_app_notifications.title, in_app_notifications.message, in_app_notifications.notification_type, in_app_notifications.reference_type, in_app_notifications.reference_id, in_app_notifications.is_read, in_app_notifications.created_at 
FROM in_app_notifications 
WHERE in_app_notifications.user_id = $1::INTEGER AND in_app_notifications.organization_id = $2::INTEGER AND in_app_notifications.is_read = false
2026-08-06 10:04:24.228 | INFO     | sqlalchemy.log:info:159 - [cached since 300.9s ago] (42, 3)
2026-08-06 10:04:24.229 | INFO     | sqlalchemy.log:info:159 - ROLLBACK
2026-08-06 10:04:24.232 | INFO     | app.core.database:session:104 - Database Connections closed
2026-08-06 10:04:38.279 | INFO     | app.core.database:session:97 - Database Connection established!
2026-08-06 10:04:38.280 | INFO     | sqlalchemy.log:info:159 - BEGIN (implicit)
2026-08-06 10:04:38.280 | INFO     | sqlalchemy.log:info:159 - SELECT users.id, users.organization_id, users.department_id, users.email, users.first_name, users.last_name, users.hashed_password, users.status, users.mfa_enabled, users.mfa_method, users.sso_provider, users.external_subject_id, users.last_login_at, users.user_metadata, users.created_at, users.deleted_at 
FROM users 
WHERE users.email = $1::VARCHAR
2026-08-06 10:04:38.280 | INFO     | sqlalchemy.log:info:159 - [cached since 315.6s ago] ('philip@appxcess.com',)
2026-08-06 10:04:38.282 | INFO     | sqlalchemy.log:info:159 - SELECT in_app_notifications.id, in_app_notifications.organization_id, in_app_notifications.user_id, in_app_notifications.title, in_app_notifications.message, in_app_notifications.notification_type, in_app_notifications.reference_type, in_app_notifications.reference_id, in_app_notifications.is_read, in_app_notifications.created_at 
FROM in_app_notifications 
WHERE in_app_notifications.user_id = $1::INTEGER AND in_app_notifications.organization_id = $2::INTEGER AND in_app_notifications.is_read = false
2026-08-06 10:04:38.282 | INFO     | sqlalchemy.log:info:159 - [cached since 315s ago] (42, 3)
2026-08-06 10:04:38.283 | INFO     | sqlalchemy.log:info:159 - ROLLBACK
2026-08-06 10:04:38.284 | INFO     | app.core.database:session:104 - Database Connections closed
2026-08-06 10:04:53.285 | INFO     | app.core.database:session:97 - Database Connection established!
2026-08-06 10:04:53.286 | INFO     | sqlalchemy.log:info:159 - BEGIN (implicit)
2026-08-06 10:04:53.286 | INFO     | sqlalchemy.log:info:159 - SELECT users.id, users.organization_id, users.department_id, users.email, users.first_name, users.last_name, users.hashed_password, users.status, users.mfa_enabled, users.mfa_method, users.sso_provider, users.external_subject_id, users.last_login_at, users.user_metadata, users.created_at, users.deleted_at 
FROM users 
WHERE users.email = $1::VARCHAR
2026-08-06 10:04:53.286 | INFO     | sqlalchemy.log:info:159 - [cached since 330.6s ago] ('philip@appxcess.com',)
2026-08-06 10:04:53.289 | INFO     | sqlalchemy.log:info:159 - SELECT in_app_notifications.id, in_app_notifications.organization_id, in_app_notifications.user_id, in_app_notifications.title, in_app_notifications.message, in_app_notifications.notification_type, in_app_notifications.reference_type, in_app_notifications.reference_id, in_app_notifications.is_read, in_app_notifications.created_at 
FROM in_app_notifications 
WHERE in_app_notifications.user_id = $1::INTEGER AND in_app_notifications.organization_id = $2::INTEGER AND in_app_notifications.is_read = false
2026-08-06 10:04:53.289 | INFO     | sqlalchemy.log:info:159 - [cached since 330s ago] (42, 3)
2026-08-06 10:04:53.292 | INFO     | sqlalchemy.log:info:159 - ROLLBACK
2026-08-06 10:04:53.293 | INFO     | app.core.database:session:104 - Database Connections closed
2026-08-06 10:05:08.284 | INFO     | app.core.database:session:97 - Database Connection established!
2026-08-06 10:05:08.284 | INFO     | sqlalchemy.log:info:159 - BEGIN (implicit)
2026-08-06 10:05:08.285 | INFO     | sqlalchemy.log:info:159 - SELECT users.id, users.organization_id, users.department_id, users.email, users.first_name, users.last_name, users.hashed_password, users.status, users.mfa_enabled, users.mfa_method, users.sso_provider, users.external_subject_id, users.last_login_at, users.user_metadata, users.created_at, users.deleted_at 
FROM users 
WHERE users.email = $1::VARCHAR
2026-08-06 10:05:08.285 | INFO     | sqlalchemy.log:info:159 - [cached since 345.6s ago] ('philip@appxcess.com',)
2026-08-06 10:05:08.289 | INFO     | sqlalchemy.log:info:159 - SELECT in_app_notifications.id, in_app_notifications.organization_id, in_app_notifications.user_id, in_app_notifications.title, in_app_notifications.message, in_app_notifications.notification_type, in_app_notifications.reference_type, in_app_notifications.reference_id, in_app_notifications.is_read, in_app_notifications.created_at 
FROM in_app_notifications 
WHERE in_app_notifications.user_id = $1::INTEGER AND in_app_notifications.organization_id = $2::INTEGER AND in_app_notifications.is_read = false
2026-08-06 10:05:08.290 | INFO     | sqlalchemy.log:info:159 - [cached since 345s ago] (42, 3)
2026-08-06 10:05:08.294 | INFO     | sqlalchemy.log:info:159 - ROLLBACK
2026-08-06 10:05:08.295 | INFO     | app.core.database:session:104 - Database Connections closed
2026-08-06 10:05:23.378 | INFO     | app.core.database:session:97 - Database Connection established!
2026-08-06 10:05:23.379 | INFO     | sqlalchemy.log:info:159 - BEGIN (implicit)
2026-08-06 10:05:23.379 | INFO     | sqlalchemy.log:info:159 - SELECT users.id, users.organization_id, users.department_id, users.email, users.first_name, users.last_name, users.hashed_password, users.status, users.mfa_enabled, users.mfa_method, users.sso_provider, users.external_subject_id, users.last_login_at, users.user_metadata, users.created_at, users.deleted_at 
FROM users 
WHERE users.email = $1::VARCHAR
2026-08-06 10:05:23.379 | INFO     | sqlalchemy.log:info:159 - [cached since 360.7s ago] ('philip@appxcess.com',)
2026-08-06 10:05:23.385 | INFO     | sqlalchemy.log:info:159 - SELECT in_app_notifications.id, in_app_notifications.organization_id, in_app_notifications.user_id, in_app_notifications.title, in_app_notifications.message, in_app_notifications.notification_type, in_app_notifications.reference_type, in_app_notifications.reference_id, in_app_notifications.is_read, in_app_notifications.created_at 
FROM in_app_notifications 
WHERE in_app_notifications.user_id = $1::INTEGER AND in_app_notifications.organization_id = $2::INTEGER AND in_app_notifications.is_read = false
2026-08-06 10:05:23.385 | INFO     | sqlalchemy.log:info:159 - [cached since 360.1s ago] (42, 3)
2026-08-06 10:05:23.387 | INFO     | sqlalchemy.log:info:159 - ROLLBACK
2026-08-06 10:05:23.389 | INFO     | app.core.database:session:104 - Database Connections closed
2026-08-06 10:05:38.950 | INFO     | app.core.database:session:97 - Database Connection established!
2026-08-06 10:05:38.951 | INFO     | sqlalchemy.log:info:159 - BEGIN (implicit)
2026-08-06 10:05:38.951 | INFO     | sqlalchemy.log:info:159 - SELECT users.id, users.organization_id, users.department_id, users.email, users.first_name, users.last_name, users.hashed_password, users.status, users.mfa_enabled, users.mfa_method, users.sso_provider, users.external_subject_id, users.last_login_at, users.user_metadata, users.created_at, users.deleted_at 
FROM users 
WHERE users.email = $1::VARCHAR
2026-08-06 10:05:38.952 | INFO     | sqlalchemy.log:info:159 - [cached since 376.2s ago] ('philip@appxcess.com',)
2026-08-06 10:05:38.955 | INFO     | sqlalchemy.log:info:159 - SELECT in_app_notifications.id, in_app_notifications.organization_id, in_app_notifications.user_id, in_app_notifications.title, in_app_notifications.message, in_app_notifications.notification_type, in_app_notifications.reference_type, in_app_notifications.reference_id, in_app_notifications.is_read, in_app_notifications.created_at 
FROM in_app_notifications 
WHERE in_app_notifications.user_id = $1::INTEGER AND in_app_notifications.organization_id = $2::INTEGER AND in_app_notifications.is_read = false
2026-08-06 10:05:38.955 | INFO     | sqlalchemy.log:info:159 - [cached since 375.6s ago] (42, 3)
2026-08-06 10:05:38.957 | INFO     | sqlalchemy.log:info:159 - ROLLBACK
2026-08-06 10:05:38.958 | INFO     | app.core.database:session:104 - Database Connections closed
2026-08-06 10:05:53.958 | INFO     | app.core.database:session:97 - Database Connection established!
2026-08-06 10:05:53.960 | INFO     | sqlalchemy.log:info:159 - BEGIN (implicit)
2026-08-06 10:05:53.961 | INFO     | sqlalchemy.log:info:159 - SELECT users.id, users.organization_id, users.department_id, users.email, users.first_name, users.last_name, users.hashed_password, users.status, users.mfa_enabled, users.mfa_method, users.sso_provider, users.external_subject_id, users.last_login_at, users.user_metadata, users.created_at, users.deleted_at 
FROM users 
WHERE users.email = $1::VARCHAR
2026-08-06 10:05:53.962 | INFO     | sqlalchemy.log:info:159 - [cached since 391.2s ago] ('philip@appxcess.com',)
2026-08-06 10:05:53.970 | INFO     | sqlalchemy.log:info:159 - SELECT in_app_notifications.id, in_app_notifications.organization_id, in_app_notifications.user_id, in_app_notifications.title, in_app_notifications.message, in_app_notifications.notification_type, in_app_notifications.reference_type, in_app_notifications.reference_id, in_app_notifications.is_read, in_app_notifications.created_at 
FROM in_app_notifications 
WHERE in_app_notifications.user_id = $1::INTEGER AND in_app_notifications.organization_id = $2::INTEGER AND in_app_notifications.is_read = false
2026-08-06 10:05:53.973 | INFO     | sqlalchemy.log:info:159 - [cached since 390.6s ago] (42, 3)
2026-08-06 10:05:53.979 | INFO     | sqlalchemy.log:info:159 - ROLLBACK
2026-08-06 10:05:53.980 | INFO     | app.core.database:session:104 - Database Connections closed
2026-08-06 10:06:08.955 | INFO     | app.core.database:session:97 - Database Connection established!
2026-08-06 10:06:08.957 | INFO     | sqlalchemy.log:info:159 - BEGIN (implicit)
2026-08-06 10:06:08.957 | INFO     | sqlalchemy.log:info:159 - SELECT users.id, users.organization_id, users.department_id, users.email, users.first_name, users.last_name, users.hashed_password, users.status, users.mfa_enabled, users.mfa_method, users.sso_provider, users.external_subject_id, users.last_login_at, users.user_metadata, users.created_at, users.deleted_at 
FROM users 
WHERE users.email = $1::VARCHAR
2026-08-06 10:06:08.958 | INFO     | sqlalchemy.log:info:159 - [cached since 406.2s ago] ('philip@appxcess.com',)
2026-08-06 10:06:08.962 | INFO     | sqlalchemy.log:info:159 - SELECT in_app_notifications.id, in_app_notifications.organization_id, in_app_notifications.user_id, in_app_notifications.title, in_app_notifications.message, in_app_notifications.notification_type, in_app_notifications.reference_type, in_app_notifications.reference_id, in_app_notifications.is_read, in_app_notifications.created_at 
FROM in_app_notifications 
WHERE in_app_notifications.user_id = $1::INTEGER AND in_app_notifications.organization_id = $2::INTEGER AND in_app_notifications.is_read = false
2026-08-06 10:06:08.962 | INFO     | sqlalchemy.log:info:159 - [cached since 405.6s ago] (42, 3)
2026-08-06 10:06:08.964 | INFO     | sqlalchemy.log:info:159 - ROLLBACK
2026-08-06 10:06:08.965 | INFO     | app.core.database:session:104 - Database Connections closed
2026-08-06 10:06:23.961 | INFO     | app.core.database:session:97 - Database Connection established!
2026-08-06 10:06:23.963 | INFO     | sqlalchemy.log:info:159 - BEGIN (implicit)
2026-08-06 10:06:23.964 | INFO     | sqlalchemy.log:info:159 - SELECT users.id, users.organization_id, users.department_id, users.email, users.first_name, users.last_name, users.hashed_password, users.status, users.mfa_enabled, users.mfa_method, users.sso_provider, users.external_subject_id, users.last_login_at, users.user_metadata, users.created_at, users.deleted_at 
FROM users 
WHERE users.email = $1::VARCHAR
2026-08-06 10:06:23.965 | INFO     | sqlalchemy.log:info:159 - [cached since 421.2s ago] ('philip@appxcess.com',)
2026-08-06 10:06:23.971 | INFO     | sqlalchemy.log:info:159 - SELECT in_app_notifications.id, in_app_notifications.organization_id, in_app_notifications.user_id, in_app_notifications.title, in_app_notifications.message, in_app_notifications.notification_type, in_app_notifications.reference_type, in_app_notifications.reference_id, in_app_notifications.is_read, in_app_notifications.created_at 
FROM in_app_notifications 
WHERE in_app_notifications.user_id = $1::INTEGER AND in_app_notifications.organization_id = $2::INTEGER AND in_app_notifications.is_read = false
2026-08-06 10:06:23.972 | INFO     | sqlalchemy.log:info:159 - [cached since 420.6s ago] (42, 3)
2026-08-06 10:06:23.975 | INFO     | sqlalchemy.log:info:159 - ROLLBACK
2026-08-06 10:06:23.977 | INFO     | app.core.database:session:104 - Database Connections closed
2026-08-06 10:06:38.961 | INFO     | app.core.database:session:97 - Database Connection established!
2026-08-06 10:06:38.963 | INFO     | sqlalchemy.log:info:159 - BEGIN (implicit)
2026-08-06 10:06:38.965 | INFO     | sqlalchemy.log:info:159 - SELECT users.id, users.organization_id, users.department_id, users.email, users.first_name, users.last_name, users.hashed_password, users.status, users.mfa_enabled, users.mfa_method, users.sso_provider, users.external_subject_id, users.last_login_at, users.user_metadata, users.created_at, users.deleted_at 
FROM users 
WHERE users.email = $1::VARCHAR
2026-08-06 10:06:38.965 | INFO     | sqlalchemy.log:info:159 - [cached since 436.2s ago] ('philip@appxcess.com',)
2026-08-06 10:06:38.970 | INFO     | sqlalchemy.log:info:159 - SELECT in_app_notifications.id, in_app_notifications.organization_id, in_app_notifications.user_id, in_app_notifications.title, in_app_notifications.message, in_app_notifications.notification_type, in_app_notifications.reference_type, in_app_notifications.reference_id, in_app_notifications.is_read, in_app_notifications.created_at 
FROM in_app_notifications 
WHERE in_app_notifications.user_id = $1::INTEGER AND in_app_notifications.organization_id = $2::INTEGER AND in_app_notifications.is_read = false
2026-08-06 10:06:38.971 | INFO     | sqlalchemy.log:info:159 - [cached since 435.6s ago] (42, 3)
2026-08-06 10:06:38.973 | INFO     | sqlalchemy.log:info:159 - ROLLBACK
2026-08-06 10:06:38.975 | INFO     | app.core.database:session:104 - Database Connections closed
2026-08-06 10:06:53.962 | INFO     | app.core.database:session:97 - Database Connection established!
2026-08-06 10:06:53.964 | INFO     | sqlalchemy.log:info:159 - BEGIN (implicit)
2026-08-06 10:06:53.966 | INFO     | sqlalchemy.log:info:159 - SELECT users.id, users.organization_id, users.department_id, users.email, users.first_name, users.last_name, users.hashed_password, users.status, users.mfa_enabled, users.mfa_method, users.sso_provider, users.external_subject_id, users.last_login_at, users.user_metadata, users.created_at, users.deleted_at 
FROM users 
WHERE users.email = $1::VARCHAR
2026-08-06 10:06:53.967 | INFO     | sqlalchemy.log:info:159 - [cached since 451.2s ago] ('philip@appxcess.com',)
2026-08-06 10:06:53.972 | INFO     | sqlalchemy.log:info:159 - SELECT in_app_notifications.id, in_app_notifications.organization_id, in_app_notifications.user_id, in_app_notifications.title, in_app_notifications.message, in_app_notifications.notification_type, in_app_notifications.reference_type, in_app_notifications.reference_id, in_app_notifications.is_read, in_app_notifications.created_at 
FROM in_app_notifications 
WHERE in_app_notifications.user_id = $1::INTEGER AND in_app_notifications.organization_id = $2::INTEGER AND in_app_notifications.is_read = false
2026-08-06 10:06:53.973 | INFO     | sqlalchemy.log:info:159 - [cached since 450.6s ago] (42, 3)
2026-08-06 10:06:53.976 | INFO     | sqlalchemy.log:info:159 - ROLLBACK
2026-08-06 10:06:53.978 | INFO     | app.core.database:session:104 - Database Connections closed
2026-08-06 10:07:08.952 | INFO     | app.core.database:session:97 - Database Connection established!
2026-08-06 10:07:08.953 | INFO     | sqlalchemy.log:info:159 - BEGIN (implicit)
2026-08-06 10:07:08.954 | INFO     | sqlalchemy.log:info:159 - SELECT users.id, users.organization_id, users.department_id, users.email, users.first_name, users.last_name, users.hashed_password, users.status, users.mfa_enabled, users.mfa_method, users.sso_provider, users.external_subject_id, users.last_login_at, users.user_metadata, users.created_at, users.deleted_at 
FROM users 
WHERE users.email = $1::VARCHAR
2026-08-06 10:07:08.954 | INFO     | sqlalchemy.log:info:159 - [cached since 466.2s ago] ('philip@appxcess.com',)
2026-08-06 10:07:08.956 | INFO     | sqlalchemy.log:info:159 - SELECT in_app_notifications.id, in_app_notifications.organization_id, in_app_notifications.user_id, in_app_notifications.title, in_app_notifications.message, in_app_notifications.notification_type, in_app_notifications.reference_type, in_app_notifications.reference_id, in_app_notifications.is_read, in_app_notifications.created_at 
FROM in_app_notifications 
WHERE in_app_notifications.user_id = $1::INTEGER AND in_app_notifications.organization_id = $2::INTEGER AND in_app_notifications.is_read = false
2026-08-06 10:07:08.956 | INFO     | sqlalchemy.log:info:159 - [cached since 465.6s ago] (42, 3)
2026-08-06 10:07:08.958 | INFO     | sqlalchemy.log:info:159 - ROLLBACK
2026-08-06 10:07:08.958 | INFO     | app.core.database:session:104 - Database Connections closed
2026-08-06 10:07:23.952 | INFO     | app.core.database:session:97 - Database Connection established!
2026-08-06 10:07:23.953 | INFO     | sqlalchemy.log:info:159 - BEGIN (implicit)
2026-08-06 10:07:23.954 | INFO     | sqlalchemy.log:info:159 - SELECT users.id, users.organization_id, users.department_id, users.email, users.first_name, users.last_name, users.hashed_password, users.status, users.mfa_enabled, users.mfa_method, users.sso_provider, users.external_subject_id, users.last_login_at, users.user_metadata, users.created_at, users.deleted_at 
FROM users 
WHERE users.email = $1::VARCHAR
2026-08-06 10:07:23.955 | INFO     | sqlalchemy.log:info:159 - [cached since 481.2s ago] ('philip@appxcess.com',)
2026-08-06 10:07:23.957 | INFO     | sqlalchemy.log:info:159 - SELECT in_app_notifications.id, in_app_notifications.organization_id, in_app_notifications.user_id, in_app_notifications.title, in_app_notifications.message, in_app_notifications.notification_type, in_app_notifications.reference_type, in_app_notifications.reference_id, in_app_notifications.is_read, in_app_notifications.created_at 
FROM in_app_notifications 
WHERE in_app_notifications.user_id = $1::INTEGER AND in_app_notifications.organization_id = $2::INTEGER AND in_app_notifications.is_read = false
2026-08-06 10:07:23.957 | INFO     | sqlalchemy.log:info:159 - [cached since 480.6s ago] (42, 3)
2026-08-06 10:07:23.958 | INFO     | sqlalchemy.log:info:159 - ROLLBACK
2026-08-06 10:07:23.958 | INFO     | app.core.database:session:104 - Database Connections closed
2026-08-06 10:07:38.951 | INFO     | app.core.database:session:97 - Database Connection established!
2026-08-06 10:07:38.952 | INFO     | sqlalchemy.log:info:159 - BEGIN (implicit)
2026-08-06 10:07:38.952 | INFO     | sqlalchemy.log:info:159 - SELECT users.id, users.organization_id, users.department_id, users.email, users.first_name, users.last_name, users.hashed_password, users.status, users.mfa_enabled, users.mfa_method, users.sso_provider, users.external_subject_id, users.last_login_at, users.user_metadata, users.created_at, users.deleted_at 
FROM users 
WHERE users.email = $1::VARCHAR
2026-08-06 10:07:38.952 | INFO     | sqlalchemy.log:info:159 - [cached since 496.2s ago] ('philip@appxcess.com',)
2026-08-06 10:07:38.954 | INFO     | sqlalchemy.log:info:159 - SELECT in_app_notifications.id, in_app_notifications.organization_id, in_app_notifications.user_id, in_app_notifications.title, in_app_notifications.message, in_app_notifications.notification_type, in_app_notifications.reference_type, in_app_notifications.reference_id, in_app_notifications.is_read, in_app_notifications.created_at 
FROM in_app_notifications 
WHERE in_app_notifications.user_id = $1::INTEGER AND in_app_notifications.organization_id = $2::INTEGER AND in_app_notifications.is_read = false
2026-08-06 10:07:38.954 | INFO     | sqlalchemy.log:info:159 - [cached since 495.6s ago] (42, 3)
2026-08-06 10:07:38.959 | INFO     | sqlalchemy.log:info:159 - ROLLBACK
2026-08-06 10:07:38.962 | INFO     | app.core.database:session:104 - Database Connections closed
2026-08-06 10:07:53.971 | INFO     | app.core.database:session:97 - Database Connection established!
2026-08-06 10:07:53.975 | INFO     | sqlalchemy.log:info:159 - BEGIN (implicit)
2026-08-06 10:07:53.976 | INFO     | sqlalchemy.log:info:159 - SELECT users.id, users.organization_id, users.department_id, users.email, users.first_name, users.last_name, users.hashed_password, users.status, users.mfa_enabled, users.mfa_method, users.sso_provider, users.external_subject_id, users.last_login_at, users.user_metadata, users.created_at, users.deleted_at 
FROM users 
WHERE users.email = $1::VARCHAR
2026-08-06 10:07:53.977 | INFO     | sqlalchemy.log:info:159 - [cached since 511.2s ago] ('philip@appxcess.com',)
2026-08-06 10:07:53.981 | INFO     | sqlalchemy.log:info:159 - SELECT in_app_notifications.id, in_app_notifications.organization_id, in_app_notifications.user_id, in_app_notifications.title, in_app_notifications.message, in_app_notifications.notification_type, in_app_notifications.reference_type, in_app_notifications.reference_id, in_app_notifications.is_read, in_app_notifications.created_at 
FROM in_app_notifications 
WHERE in_app_notifications.user_id = $1::INTEGER AND in_app_notifications.organization_id = $2::INTEGER AND in_app_notifications.is_read = false
2026-08-06 10:07:53.981 | INFO     | sqlalchemy.log:info:159 - [cached since 510.7s ago] (42, 3)
2026-08-06 10:07:53.983 | INFO     | sqlalchemy.log:info:159 - ROLLBACK
2026-08-06 10:07:53.984 | INFO     | app.core.database:session:104 - Database Connections closed
